// Vitest Snapshot v1, https://vitest.dev/guide/snapshot.html

exports[`ExpressPayments stories snapshot > CustomSeparatorText story renders and matches snapshot 1`] = `
<div>
  <div
    class="space-y-6"
    data-testid="express-payments"
  >
    <div
      class="bg-card text-card-foreground rounded-ui border-ui border-border shadow-ui flex flex-col items-center gap-3 p-6"
      data-slot="card"
    >
      <p
        class="text-sm font-normal text-card-foreground"
      >
        Express Checkout
      </p>
      <div
        class="grid grid-cols-2 lg:grid-cols-5 gap-2 w-full"
      >
        <button
          aria-label="Google Pay"
          class="gap-2 whitespace-nowrap rounded-ui text-sm font-medium disabled:pointer-events-none disabled:opacity-50 [&_svg]:pointer-events-none [&_svg:not([class*='size-'])]:size-4 shrink-0 [&_svg]:shrink-0 outline-none focus-visible:border-ring focus-visible:ring-ring focus-visible:ring-[3px] aria-invalid:ring-destructive/20 dark:aria-invalid:ring-destructive/40 aria-invalid:border-destructive px-4 py-2 has-[>svg]:px-3 w-full h-9 bg-foreground hover:bg-foreground/90 text-background border-0 flex items-center justify-center transition-colors"
          data-size="default"
          data-slot="button"
          data-variant="default"
        >
          <img
            alt=""
            aria-hidden="true"
            class="flex-shrink-0 h-4 w-auto object-contain"
            height="16"
            src="__ASSET_MOCK__"
            width="41"
          />
        </button>
        <button
          aria-label="Apple Pay"
          class="gap-2 whitespace-nowrap rounded-ui text-sm font-medium disabled:pointer-events-none disabled:opacity-50 [&_svg]:pointer-events-none [&_svg:not([class*='size-'])]:size-4 shrink-0 [&_svg]:shrink-0 outline-none focus-visible:border-ring focus-visible:ring-ring focus-visible:ring-[3px] aria-invalid:ring-destructive/20 dark:aria-invalid:ring-destructive/40 aria-invalid:border-destructive px-4 py-2 has-[>svg]:px-3 w-full h-9 bg-foreground hover:bg-foreground/90 text-background border-0 flex items-center justify-center transition-colors"
          data-size="default"
          data-slot="button"
          data-variant="default"
        >
          <img
            alt=""
            aria-hidden="true"
            class="flex-shrink-0 h-4 w-auto object-contain"
            height="16"
            src="__ASSET_MOCK__"
            style="filter: brightness(0) invert(1);"
            width="48"
          />
        </button>
        <button
          aria-label="PayPal"
          class="gap-2 whitespace-nowrap rounded-ui text-sm font-medium disabled:pointer-events-none disabled:opacity-50 [&_svg]:pointer-events-none [&_svg:not([class*='size-'])]:size-4 shrink-0 [&_svg]:shrink-0 outline-none focus-visible:border-ring focus-visible:ring-ring focus-visible:ring-[3px] aria-invalid:ring-destructive/20 dark:aria-invalid:ring-destructive/40 aria-invalid:border-destructive px-4 py-2 has-[>svg]:px-3 w-full h-9 bg-[var(--paypal-gold)] hover:bg-[#FFB800] text-[#1F2937] border-0 flex items-center justify-center transition-colors"
          data-size="default"
          data-slot="button"
          data-variant="default"
        >
          <img
            alt=""
            aria-hidden="true"
            class="flex-shrink-0 h-4 w-auto object-contain"
            height="18"
            src="__ASSET_MOCK__"
            width="74"
          />
        </button>
        <button
          aria-label="Venmo"
          class="gap-2 whitespace-nowrap rounded-ui text-sm font-medium disabled:pointer-events-none disabled:opacity-50 [&_svg]:pointer-events-none [&_svg:not([class*='size-'])]:size-4 shrink-0 [&_svg]:shrink-0 outline-none focus-visible:border-ring focus-visible:ring-ring focus-visible:ring-[3px] aria-invalid:ring-destructive/20 dark:aria-invalid:ring-destructive/40 aria-invalid:border-destructive px-4 py-2 has-[>svg]:px-3 w-full h-9 bg-[var(--venmo-blue)] hover:bg-[#0077D9] text-background border-0 flex items-center justify-center transition-colors"
          data-size="default"
          data-slot="button"
          data-variant="default"
        >
          <img
            alt=""
            aria-hidden="true"
            class="flex-shrink-0 h-3 w-auto object-contain"
            height="11"
            src="__ASSET_MOCK__"
            width="54"
          />
        </button>
        <button
          aria-label="Amazon Pay"
          class="gap-2 whitespace-nowrap rounded-ui text-sm font-medium disabled:pointer-events-none disabled:opacity-50 [&_svg]:pointer-events-none [&_svg:not([class*='size-'])]:size-4 shrink-0 [&_svg]:shrink-0 outline-none focus-visible:border-ring focus-visible:ring-ring focus-visible:ring-[3px] aria-invalid:ring-destructive/20 dark:aria-invalid:ring-destructive/40 aria-invalid:border-destructive text-primary-foreground px-4 py-2 has-[>svg]:px-3 w-full h-9 bg-muted hover:bg-muted-hover border-0 flex items-center justify-center transition-colors max-lg:col-span-2"
          data-size="default"
          data-slot="button"
          data-variant="default"
        >
          <img
            alt=""
            aria-hidden="true"
            class="flex-shrink-0 h-[19px] w-auto object-contain"
            height="19"
            src="__ASSET_MOCK__"
            width="99"
          />
        </button>
      </div>
    </div>
    <div
      class="relative flex items-center gap-[15px]"
    >
      <div
        class="flex-1 h-px bg-separator"
      />
      <span
        class="text-sm font-normal leading-5 text-muted-foreground whitespace-nowrap"
        data-express-payments-separator-label=""
      >
        Or continue with card
      </span>
      <div
        class="flex-1 h-px bg-separator"
      />
    </div>
  </div>
</div>
`;

exports[`ExpressPayments stories snapshot > Default story renders and matches snapshot 1`] = `
<div>
  <div
    class="space-y-6"
    data-testid="express-payments"
  >
    <div
      class="bg-card text-card-foreground rounded-ui border-ui border-border shadow-ui flex flex-col items-center gap-3 p-6"
      data-slot="card"
    >
      <p
        class="text-sm font-normal text-card-foreground"
      >
        Express Checkout
      </p>
      <div
        class="grid grid-cols-2 lg:grid-cols-5 gap-2 w-full"
      >
        <button
          aria-label="Google Pay"
          class="gap-2 whitespace-nowrap rounded-ui text-sm font-medium disabled:pointer-events-none disabled:opacity-50 [&_svg]:pointer-events-none [&_svg:not([class*='size-'])]:size-4 shrink-0 [&_svg]:shrink-0 outline-none focus-visible:border-ring focus-visible:ring-ring focus-visible:ring-[3px] aria-invalid:ring-destructive/20 dark:aria-invalid:ring-destructive/40 aria-invalid:border-destructive px-4 py-2 has-[>svg]:px-3 w-full h-9 bg-foreground hover:bg-foreground/90 text-background border-0 flex items-center justify-center transition-colors"
          data-size="default"
          data-slot="button"
          data-variant="default"
        >
          <img
            alt=""
            aria-hidden="true"
            class="flex-shrink-0 h-4 w-auto object-contain"
            height="16"
            src="__ASSET_MOCK__"
            width="41"
          />
        </button>
        <button
          aria-label="Apple Pay"
          class="gap-2 whitespace-nowrap rounded-ui text-sm font-medium disabled:pointer-events-none disabled:opacity-50 [&_svg]:pointer-events-none [&_svg:not([class*='size-'])]:size-4 shrink-0 [&_svg]:shrink-0 outline-none focus-visible:border-ring focus-visible:ring-ring focus-visible:ring-[3px] aria-invalid:ring-destructive/20 dark:aria-invalid:ring-destructive/40 aria-invalid:border-destructive px-4 py-2 has-[>svg]:px-3 w-full h-9 bg-foreground hover:bg-foreground/90 text-background border-0 flex items-center justify-center transition-colors"
          data-size="default"
          data-slot="button"
          data-variant="default"
        >
          <img
            alt=""
            aria-hidden="true"
            class="flex-shrink-0 h-4 w-auto object-contain"
            height="16"
            src="__ASSET_MOCK__"
            style="filter: brightness(0) invert(1);"
            width="48"
          />
        </button>
        <button
          aria-label="PayPal"
          class="gap-2 whitespace-nowrap rounded-ui text-sm font-medium disabled:pointer-events-none disabled:opacity-50 [&_svg]:pointer-events-none [&_svg:not([class*='size-'])]:size-4 shrink-0 [&_svg]:shrink-0 outline-none focus-visible:border-ring focus-visible:ring-ring focus-visible:ring-[3px] aria-invalid:ring-destructive/20 dark:aria-invalid:ring-destructive/40 aria-invalid:border-destructive px-4 py-2 has-[>svg]:px-3 w-full h-9 bg-[var(--paypal-gold)] hover:bg-[#FFB800] text-[#1F2937] border-0 flex items-center justify-center transition-colors"
          data-size="default"
          data-slot="button"
          data-variant="default"
        >
          <img
            alt=""
            aria-hidden="true"
            class="flex-shrink-0 h-4 w-auto object-contain"
            height="18"
            src="__ASSET_MOCK__"
            width="74"
          />
        </button>
        <button
          aria-label="Venmo"
          class="gap-2 whitespace-nowrap rounded-ui text-sm font-medium disabled:pointer-events-none disabled:opacity-50 [&_svg]:pointer-events-none [&_svg:not([class*='size-'])]:size-4 shrink-0 [&_svg]:shrink-0 outline-none focus-visible:border-ring focus-visible:ring-ring focus-visible:ring-[3px] aria-invalid:ring-destructive/20 dark:aria-invalid:ring-destructive/40 aria-invalid:border-destructive px-4 py-2 has-[>svg]:px-3 w-full h-9 bg-[var(--venmo-blue)] hover:bg-[#0077D9] text-background border-0 flex items-center justify-center transition-colors"
          data-size="default"
          data-slot="button"
          data-variant="default"
        >
          <img
            alt=""
            aria-hidden="true"
            class="flex-shrink-0 h-3 w-auto object-contain"
            height="11"
            src="__ASSET_MOCK__"
            width="54"
          />
        </button>
        <button
          aria-label="Amazon Pay"
          class="gap-2 whitespace-nowrap rounded-ui text-sm font-medium disabled:pointer-events-none disabled:opacity-50 [&_svg]:pointer-events-none [&_svg:not([class*='size-'])]:size-4 shrink-0 [&_svg]:shrink-0 outline-none focus-visible:border-ring focus-visible:ring-ring focus-visible:ring-[3px] aria-invalid:ring-destructive/20 dark:aria-invalid:ring-destructive/40 aria-invalid:border-destructive text-primary-foreground px-4 py-2 has-[>svg]:px-3 w-full h-9 bg-muted hover:bg-muted-hover border-0 flex items-center justify-center transition-colors max-lg:col-span-2"
          data-size="default"
          data-slot="button"
          data-variant="default"
        >
          <img
            alt=""
            aria-hidden="true"
            class="flex-shrink-0 h-[19px] w-auto object-contain"
            height="19"
            src="__ASSET_MOCK__"
            width="99"
          />
        </button>
      </div>
    </div>
    <div
      class="relative flex items-center gap-[15px]"
    >
      <div
        class="flex-1 h-px bg-separator"
      />
      <span
        class="text-sm font-normal leading-5 text-muted-foreground whitespace-nowrap"
        data-express-payments-separator-label=""
      >
        or continue below
      </span>
      <div
        class="flex-1 h-px bg-separator"
      />
    </div>
  </div>
</div>
`;

exports[`ExpressPayments stories snapshot > Disabled story renders and matches snapshot 1`] = `
<div>
  <div
    class="space-y-6"
    data-testid="express-payments"
  >
    <div
      class="bg-card text-card-foreground rounded-ui border-ui border-border shadow-ui flex flex-col items-center gap-3 p-6"
      data-slot="card"
    >
      <p
        class="text-sm font-normal text-card-foreground"
      >
        Express Checkout
      </p>
      <div
        class="grid grid-cols-2 lg:grid-cols-5 gap-2 w-full"
      >
        <button
          aria-label="Google Pay"
          class="gap-2 whitespace-nowrap rounded-ui text-sm font-medium disabled:pointer-events-none disabled:opacity-50 [&_svg]:pointer-events-none [&_svg:not([class*='size-'])]:size-4 shrink-0 [&_svg]:shrink-0 outline-none focus-visible:border-ring focus-visible:ring-ring focus-visible:ring-[3px] aria-invalid:ring-destructive/20 dark:aria-invalid:ring-destructive/40 aria-invalid:border-destructive px-4 py-2 has-[>svg]:px-3 w-full h-9 bg-foreground hover:bg-foreground/90 text-background border-0 flex items-center justify-center transition-colors"
          data-size="default"
          data-slot="button"
          data-variant="default"
          disabled=""
        >
          <img
            alt=""
            aria-hidden="true"
            class="flex-shrink-0 h-4 w-auto object-contain"
            height="16"
            src="__ASSET_MOCK__"
            width="41"
          />
        </button>
        <button
          aria-label="Apple Pay"
          class="gap-2 whitespace-nowrap rounded-ui text-sm font-medium disabled:pointer-events-none disabled:opacity-50 [&_svg]:pointer-events-none [&_svg:not([class*='size-'])]:size-4 shrink-0 [&_svg]:shrink-0 outline-none focus-visible:border-ring focus-visible:ring-ring focus-visible:ring-[3px] aria-invalid:ring-destructive/20 dark:aria-invalid:ring-destructive/40 aria-invalid:border-destructive px-4 py-2 has-[>svg]:px-3 w-full h-9 bg-foreground hover:bg-foreground/90 text-background border-0 flex items-center justify-center transition-colors"
          data-size="default"
          data-slot="button"
          data-variant="default"
          disabled=""
        >
          <img
            alt=""
            aria-hidden="true"
            class="flex-shrink-0 h-4 w-auto object-contain"
            height="16"
            src="__ASSET_MOCK__"
            style="filter: brightness(0) invert(1);"
            width="48"
          />
        </button>
        <button
          aria-label="PayPal"
          class="gap-2 whitespace-nowrap rounded-ui text-sm font-medium disabled:pointer-events-none disabled:opacity-50 [&_svg]:pointer-events-none [&_svg:not([class*='size-'])]:size-4 shrink-0 [&_svg]:shrink-0 outline-none focus-visible:border-ring focus-visible:ring-ring focus-visible:ring-[3px] aria-invalid:ring-destructive/20 dark:aria-invalid:ring-destructive/40 aria-invalid:border-destructive px-4 py-2 has-[>svg]:px-3 w-full h-9 bg-[var(--paypal-gold)] hover:bg-[#FFB800] text-[#1F2937] border-0 flex items-center justify-center transition-colors"
          data-size="default"
          data-slot="button"
          data-variant="default"
          disabled=""
        >
          <img
            alt=""
            aria-hidden="true"
            class="flex-shrink-0 h-4 w-auto object-contain"
            height="18"
            src="__ASSET_MOCK__"
            width="74"
          />
        </button>
        <button
          aria-label="Venmo"
          class="gap-2 whitespace-nowrap rounded-ui text-sm font-medium disabled:pointer-events-none disabled:opacity-50 [&_svg]:pointer-events-none [&_svg:not([class*='size-'])]:size-4 shrink-0 [&_svg]:shrink-0 outline-none focus-visible:border-ring focus-visible:ring-ring focus-visible:ring-[3px] aria-invalid:ring-destructive/20 dark:aria-invalid:ring-destructive/40 aria-invalid:border-destructive px-4 py-2 has-[>svg]:px-3 w-full h-9 bg-[var(--venmo-blue)] hover:bg-[#0077D9] text-background border-0 flex items-center justify-center transition-colors"
          data-size="default"
          data-slot="button"
          data-variant="default"
          disabled=""
        >
          <img
            alt=""
            aria-hidden="true"
            class="flex-shrink-0 h-3 w-auto object-contain"
            height="11"
            src="__ASSET_MOCK__"
            width="54"
          />
        </button>
        <button
          aria-label="Amazon Pay"
          class="gap-2 whitespace-nowrap rounded-ui text-sm font-medium disabled:pointer-events-none disabled:opacity-50 [&_svg]:pointer-events-none [&_svg:not([class*='size-'])]:size-4 shrink-0 [&_svg]:shrink-0 outline-none focus-visible:border-ring focus-visible:ring-ring focus-visible:ring-[3px] aria-invalid:ring-destructive/20 dark:aria-invalid:ring-destructive/40 aria-invalid:border-destructive text-primary-foreground px-4 py-2 has-[>svg]:px-3 w-full h-9 bg-muted hover:bg-muted-hover border-0 flex items-center justify-center transition-colors max-lg:col-span-2"
          data-size="default"
          data-slot="button"
          data-variant="default"
          disabled=""
        >
          <img
            alt=""
            aria-hidden="true"
            class="flex-shrink-0 h-[19px] w-auto object-contain"
            height="19"
            src="__ASSET_MOCK__"
            width="99"
          />
        </button>
      </div>
    </div>
    <div
      class="relative flex items-center gap-[15px]"
    >
      <div
        class="flex-1 h-px bg-separator"
      />
      <span
        class="text-sm font-normal leading-5 text-muted-foreground whitespace-nowrap"
        data-express-payments-separator-label=""
      >
        or continue below
      </span>
      <div
        class="flex-1 h-px bg-separator"
      />
    </div>
  </div>
</div>
`;

exports[`ExpressPayments stories snapshot > SeparatorAtTop story renders and matches snapshot 1`] = `
<div>
  <div
    class="space-y-6"
    data-testid="express-payments"
  >
    <div
      class="relative flex items-center gap-[15px]"
    >
      <div
        class="flex-1 h-px bg-separator"
      />
      <span
        class="text-sm font-normal leading-5 text-muted-foreground whitespace-nowrap"
        data-express-payments-separator-label=""
      >
        or continue below
      </span>
      <div
        class="flex-1 h-px bg-separator"
      />
    </div>
    <div
      class="bg-card text-card-foreground rounded-ui border-ui border-border shadow-ui flex flex-col items-center gap-3 p-6"
      data-slot="card"
    >
      <p
        class="text-sm font-normal text-card-foreground"
      >
        Express Checkout
      </p>
      <div
        class="grid grid-cols-2 lg:grid-cols-5 gap-2 w-full"
      >
        <button
          aria-label="Google Pay"
          class="gap-2 whitespace-nowrap rounded-ui text-sm font-medium disabled:pointer-events-none disabled:opacity-50 [&_svg]:pointer-events-none [&_svg:not([class*='size-'])]:size-4 shrink-0 [&_svg]:shrink-0 outline-none focus-visible:border-ring focus-visible:ring-ring focus-visible:ring-[3px] aria-invalid:ring-destructive/20 dark:aria-invalid:ring-destructive/40 aria-invalid:border-destructive px-4 py-2 has-[>svg]:px-3 w-full h-9 bg-foreground hover:bg-foreground/90 text-background border-0 flex items-center justify-center transition-colors"
          data-size="default"
          data-slot="button"
          data-variant="default"
        >
          <img
            alt=""
            aria-hidden="true"
            class="flex-shrink-0 h-4 w-auto object-contain"
            height="16"
            src="__ASSET_MOCK__"
            width="41"
          />
        </button>
        <button
          aria-label="Apple Pay"
          class="gap-2 whitespace-nowrap rounded-ui text-sm font-medium disabled:pointer-events-none disabled:opacity-50 [&_svg]:pointer-events-none [&_svg:not([class*='size-'])]:size-4 shrink-0 [&_svg]:shrink-0 outline-none focus-visible:border-ring focus-visible:ring-ring focus-visible:ring-[3px] aria-invalid:ring-destructive/20 dark:aria-invalid:ring-destructive/40 aria-invalid:border-destructive px-4 py-2 has-[>svg]:px-3 w-full h-9 bg-foreground hover:bg-foreground/90 text-background border-0 flex items-center justify-center transition-colors"
          data-size="default"
          data-slot="button"
          data-variant="default"
        >
          <img
            alt=""
            aria-hidden="true"
            class="flex-shrink-0 h-4 w-auto object-contain"
            height="16"
            src="__ASSET_MOCK__"
            style="filter: brightness(0) invert(1);"
            width="48"
          />
        </button>
        <button
          aria-label="PayPal"
          class="gap-2 whitespace-nowrap rounded-ui text-sm font-medium disabled:pointer-events-none disabled:opacity-50 [&_svg]:pointer-events-none [&_svg:not([class*='size-'])]:size-4 shrink-0 [&_svg]:shrink-0 outline-none focus-visible:border-ring focus-visible:ring-ring focus-visible:ring-[3px] aria-invalid:ring-destructive/20 dark:aria-invalid:ring-destructive/40 aria-invalid:border-destructive px-4 py-2 has-[>svg]:px-3 w-full h-9 bg-[var(--paypal-gold)] hover:bg-[#FFB800] text-[#1F2937] border-0 flex items-center justify-center transition-colors"
          data-size="default"
          data-slot="button"
          data-variant="default"
        >
          <img
            alt=""
            aria-hidden="true"
            class="flex-shrink-0 h-4 w-auto object-contain"
            height="18"
            src="__ASSET_MOCK__"
            width="74"
          />
        </button>
        <button
          aria-label="Venmo"
          class="gap-2 whitespace-nowrap rounded-ui text-sm font-medium disabled:pointer-events-none disabled:opacity-50 [&_svg]:pointer-events-none [&_svg:not([class*='size-'])]:size-4 shrink-0 [&_svg]:shrink-0 outline-none focus-visible:border-ring focus-visible:ring-ring focus-visible:ring-[3px] aria-invalid:ring-destructive/20 dark:aria-invalid:ring-destructive/40 aria-invalid:border-destructive px-4 py-2 has-[>svg]:px-3 w-full h-9 bg-[var(--venmo-blue)] hover:bg-[#0077D9] text-background border-0 flex items-center justify-center transition-colors"
          data-size="default"
          data-slot="button"
          data-variant="default"
        >
          <img
            alt=""
            aria-hidden="true"
            class="flex-shrink-0 h-3 w-auto object-contain"
            height="11"
            src="__ASSET_MOCK__"
            width="54"
          />
        </button>
        <button
          aria-label="Amazon Pay"
          class="gap-2 whitespace-nowrap rounded-ui text-sm font-medium disabled:pointer-events-none disabled:opacity-50 [&_svg]:pointer-events-none [&_svg:not([class*='size-'])]:size-4 shrink-0 [&_svg]:shrink-0 outline-none focus-visible:border-ring focus-visible:ring-ring focus-visible:ring-[3px] aria-invalid:ring-destructive/20 dark:aria-invalid:ring-destructive/40 aria-invalid:border-destructive text-primary-foreground px-4 py-2 has-[>svg]:px-3 w-full h-9 bg-muted hover:bg-muted-hover border-0 flex items-center justify-center transition-colors max-lg:col-span-2"
          data-size="default"
          data-slot="button"
          data-variant="default"
        >
          <img
            alt=""
            aria-hidden="true"
            class="flex-shrink-0 h-[19px] w-auto object-contain"
            height="19"
            src="__ASSET_MOCK__"
            width="99"
          />
        </button>
      </div>
    </div>
  </div>
</div>
`;

exports[`ExpressPayments stories snapshot > VerticalLayout story renders and matches snapshot 1`] = `
<div>
  <div
    class="space-y-6"
    data-testid="express-payments"
  >
    <div
      class="bg-card text-card-foreground rounded-ui border-ui border-border shadow-ui flex flex-col items-center gap-3 p-6"
      data-slot="card"
    >
      <p
        class="text-sm font-normal text-card-foreground"
      >
        Express Checkout
      </p>
      <div
        class="grid grid-cols-1 gap-2 w-full"
      >
        <button
          aria-label="Google Pay"
          class="gap-2 whitespace-nowrap rounded-ui text-sm font-medium disabled:pointer-events-none disabled:opacity-50 [&_svg]:pointer-events-none [&_svg:not([class*='size-'])]:size-4 shrink-0 [&_svg]:shrink-0 outline-none focus-visible:border-ring focus-visible:ring-ring focus-visible:ring-[3px] aria-invalid:ring-destructive/20 dark:aria-invalid:ring-destructive/40 aria-invalid:border-destructive px-4 py-2 has-[>svg]:px-3 w-full h-9 bg-foreground hover:bg-foreground/90 text-background border-0 flex items-center justify-center transition-colors"
          data-size="default"
          data-slot="button"
          data-variant="default"
        >
          <img
            alt=""
            aria-hidden="true"
            class="flex-shrink-0 h-4 w-auto object-contain"
            height="16"
            src="__ASSET_MOCK__"
            width="41"
          />
        </button>
        <button
          aria-label="Apple Pay"
          class="gap-2 whitespace-nowrap rounded-ui text-sm font-medium disabled:pointer-events-none disabled:opacity-50 [&_svg]:pointer-events-none [&_svg:not([class*='size-'])]:size-4 shrink-0 [&_svg]:shrink-0 outline-none focus-visible:border-ring focus-visible:ring-ring focus-visible:ring-[3px] aria-invalid:ring-destructive/20 dark:aria-invalid:ring-destructive/40 aria-invalid:border-destructive px-4 py-2 has-[>svg]:px-3 w-full h-9 bg-foreground hover:bg-foreground/90 text-background border-0 flex items-center justify-center transition-colors"
          data-size="default"
          data-slot="button"
          data-variant="default"
        >
          <img
            alt=""
            aria-hidden="true"
            class="flex-shrink-0 h-4 w-auto object-contain"
            height="16"
            src="__ASSET_MOCK__"
            style="filter: brightness(0) invert(1);"
            width="48"
          />
        </button>
        <button
          aria-label="PayPal"
          class="gap-2 whitespace-nowrap rounded-ui text-sm font-medium disabled:pointer-events-none disabled:opacity-50 [&_svg]:pointer-events-none [&_svg:not([class*='size-'])]:size-4 shrink-0 [&_svg]:shrink-0 outline-none focus-visible:border-ring focus-visible:ring-ring focus-visible:ring-[3px] aria-invalid:ring-destructive/20 dark:aria-invalid:ring-destructive/40 aria-invalid:border-destructive px-4 py-2 has-[>svg]:px-3 w-full h-9 bg-[var(--paypal-gold)] hover:bg-[#FFB800] text-[#1F2937] border-0 flex items-center justify-center transition-colors"
          data-size="default"
          data-slot="button"
          data-variant="default"
        >
          <img
            alt=""
            aria-hidden="true"
            class="flex-shrink-0 h-4 w-auto object-contain"
            height="18"
            src="__ASSET_MOCK__"
            width="74"
          />
        </button>
        <button
          aria-label="Venmo"
          class="gap-2 whitespace-nowrap rounded-ui text-sm font-medium disabled:pointer-events-none disabled:opacity-50 [&_svg]:pointer-events-none [&_svg:not([class*='size-'])]:size-4 shrink-0 [&_svg]:shrink-0 outline-none focus-visible:border-ring focus-visible:ring-ring focus-visible:ring-[3px] aria-invalid:ring-destructive/20 dark:aria-invalid:ring-destructive/40 aria-invalid:border-destructive px-4 py-2 has-[>svg]:px-3 w-full h-9 bg-[var(--venmo-blue)] hover:bg-[#0077D9] text-background border-0 flex items-center justify-center transition-colors"
          data-size="default"
          data-slot="button"
          data-variant="default"
        >
          <img
            alt=""
            aria-hidden="true"
            class="flex-shrink-0 h-3 w-auto object-contain"
            height="11"
            src="__ASSET_MOCK__"
            width="54"
          />
        </button>
        <button
          aria-label="Amazon Pay"
          class="gap-2 whitespace-nowrap rounded-ui text-sm font-medium disabled:pointer-events-none disabled:opacity-50 [&_svg]:pointer-events-none [&_svg:not([class*='size-'])]:size-4 shrink-0 [&_svg]:shrink-0 outline-none focus-visible:border-ring focus-visible:ring-ring focus-visible:ring-[3px] aria-invalid:ring-destructive/20 dark:aria-invalid:ring-destructive/40 aria-invalid:border-destructive text-primary-foreground px-4 py-2 has-[>svg]:px-3 w-full h-9 bg-muted hover:bg-muted-hover border-0 flex items-center justify-center transition-colors"
          data-size="default"
          data-slot="button"
          data-variant="default"
        >
          <img
            alt=""
            aria-hidden="true"
            class="flex-shrink-0 h-[19px] w-auto object-contain"
            height="19"
            src="__ASSET_MOCK__"
            width="99"
          />
        </button>
      </div>
    </div>
    <div
      class="relative flex items-center gap-[15px]"
    >
      <div
        class="flex-1 h-px bg-separator"
      />
      <span
        class="text-sm font-normal leading-5 text-muted-foreground whitespace-nowrap"
        data-express-payments-separator-label=""
      >
        or continue below
      </span>
      <div
        class="flex-1 h-px bg-separator"
      />
    </div>
  </div>
</div>
`;

exports[`ExpressPayments stories snapshot > VerticalWithTopSeparator story renders and matches snapshot 1`] = `
<div>
  <div
    class="space-y-6"
    data-testid="express-payments"
  >
    <div
      class="relative flex items-center gap-[15px]"
    >
      <div
        class="flex-1 h-px bg-separator"
      />
      <span
        class="text-sm font-normal leading-5 text-muted-foreground whitespace-nowrap"
        data-express-payments-separator-label=""
      >
        Express checkout
      </span>
      <div
        class="flex-1 h-px bg-separator"
      />
    </div>
    <div
      class="bg-card text-card-foreground rounded-ui border-ui border-border shadow-ui flex flex-col items-center gap-3 p-6"
      data-slot="card"
    >
      <p
        class="text-sm font-normal text-card-foreground"
      >
        Express Checkout
      </p>
      <div
        class="grid grid-cols-1 gap-2 w-full"
      >
        <button
          aria-label="Google Pay"
          class="gap-2 whitespace-nowrap rounded-ui text-sm font-medium disabled:pointer-events-none disabled:opacity-50 [&_svg]:pointer-events-none [&_svg:not([class*='size-'])]:size-4 shrink-0 [&_svg]:shrink-0 outline-none focus-visible:border-ring focus-visible:ring-ring focus-visible:ring-[3px] aria-invalid:ring-destructive/20 dark:aria-invalid:ring-destructive/40 aria-invalid:border-destructive px-4 py-2 has-[>svg]:px-3 w-full h-9 bg-foreground hover:bg-foreground/90 text-background border-0 flex items-center justify-center transition-colors"
          data-size="default"
          data-slot="button"
          data-variant="default"
        >
          <img
            alt=""
            aria-hidden="true"
            class="flex-shrink-0 h-4 w-auto object-contain"
            height="16"
            src="__ASSET_MOCK__"
            width="41"
          />
        </button>
        <button
          aria-label="Apple Pay"
          class="gap-2 whitespace-nowrap rounded-ui text-sm font-medium disabled:pointer-events-none disabled:opacity-50 [&_svg]:pointer-events-none [&_svg:not([class*='size-'])]:size-4 shrink-0 [&_svg]:shrink-0 outline-none focus-visible:border-ring focus-visible:ring-ring focus-visible:ring-[3px] aria-invalid:ring-destructive/20 dark:aria-invalid:ring-destructive/40 aria-invalid:border-destructive px-4 py-2 has-[>svg]:px-3 w-full h-9 bg-foreground hover:bg-foreground/90 text-background border-0 flex items-center justify-center transition-colors"
          data-size="default"
          data-slot="button"
          data-variant="default"
        >
          <img
            alt=""
            aria-hidden="true"
            class="flex-shrink-0 h-4 w-auto object-contain"
            height="16"
            src="__ASSET_MOCK__"
            style="filter: brightness(0) invert(1);"
            width="48"
          />
        </button>
        <button
          aria-label="PayPal"
          class="gap-2 whitespace-nowrap rounded-ui text-sm font-medium disabled:pointer-events-none disabled:opacity-50 [&_svg]:pointer-events-none [&_svg:not([class*='size-'])]:size-4 shrink-0 [&_svg]:shrink-0 outline-none focus-visible:border-ring focus-visible:ring-ring focus-visible:ring-[3px] aria-invalid:ring-destructive/20 dark:aria-invalid:ring-destructive/40 aria-invalid:border-destructive px-4 py-2 has-[>svg]:px-3 w-full h-9 bg-[var(--paypal-gold)] hover:bg-[#FFB800] text-[#1F2937] border-0 flex items-center justify-center transition-colors"
          data-size="default"
          data-slot="button"
          data-variant="default"
        >
          <img
            alt=""
            aria-hidden="true"
            class="flex-shrink-0 h-4 w-auto object-contain"
            height="18"
            src="__ASSET_MOCK__"
            width="74"
          />
        </button>
        <button
          aria-label="Venmo"
          class="gap-2 whitespace-nowrap rounded-ui text-sm font-medium disabled:pointer-events-none disabled:opacity-50 [&_svg]:pointer-events-none [&_svg:not([class*='size-'])]:size-4 shrink-0 [&_svg]:shrink-0 outline-none focus-visible:border-ring focus-visible:ring-ring focus-visible:ring-[3px] aria-invalid:ring-destructive/20 dark:aria-invalid:ring-destructive/40 aria-invalid:border-destructive px-4 py-2 has-[>svg]:px-3 w-full h-9 bg-[var(--venmo-blue)] hover:bg-[#0077D9] text-background border-0 flex items-center justify-center transition-colors"
          data-size="default"
          data-slot="button"
          data-variant="default"
        >
          <img
            alt=""
            aria-hidden="true"
            class="flex-shrink-0 h-3 w-auto object-contain"
            height="11"
            src="__ASSET_MOCK__"
            width="54"
          />
        </button>
        <button
          aria-label="Amazon Pay"
          class="gap-2 whitespace-nowrap rounded-ui text-sm font-medium disabled:pointer-events-none disabled:opacity-50 [&_svg]:pointer-events-none [&_svg:not([class*='size-'])]:size-4 shrink-0 [&_svg]:shrink-0 outline-none focus-visible:border-ring focus-visible:ring-ring focus-visible:ring-[3px] aria-invalid:ring-destructive/20 dark:aria-invalid:ring-destructive/40 aria-invalid:border-destructive text-primary-foreground px-4 py-2 has-[>svg]:px-3 w-full h-9 bg-muted hover:bg-muted-hover border-0 flex items-center justify-center transition-colors"
          data-size="default"
          data-slot="button"
          data-variant="default"
        >
          <img
            alt=""
            aria-hidden="true"
            class="flex-shrink-0 h-[19px] w-auto object-contain"
            height="19"
            src="__ASSET_MOCK__"
            width="99"
          />
        </button>
      </div>
    </div>
  </div>
</div>
`;
