// Vitest Snapshot v1, https://vitest.dev/guide/snapshot.html

exports[`FiltersButton stories snapshot > FullyFeatured story renders and matches snapshot 1`] = `
<button
  aria-label="Filters, 3 selected"
  aria-pressed="false"
  class="inline-flex items-center justify-center gap-2 whitespace-nowrap rounded-ui transition-all disabled:pointer-events-none disabled:opacity-50 [&_svg]:pointer-events-none [&_svg:not([class*='size-'])]:size-4 shrink-0 [&_svg]:shrink-0 outline-none focus-visible:border-ring focus-visible:ring-ring focus-visible:ring-[3px] aria-invalid:ring-destructive/20 dark:aria-invalid:ring-destructive/40 aria-invalid:border-destructive border bg-background shadow-ui hover:bg-accent hover:text-accent-foreground dark:bg-input/30 dark:border-input dark:hover:bg-input/50 h-9 px-4 py-2 has-[>svg]:px-3 text-sm font-normal leading-5 tracking-[-0.15px] text-foreground"
  data-size="default"
  data-slot="button"
  data-variant="outline"
>
  <svg
    aria-hidden="true"
    class="lucide lucide-funnel size-4 mr-2"
    fill="none"
    height="24"
    stroke="currentColor"
    stroke-linecap="round"
    stroke-linejoin="round"
    stroke-width="2"
    viewBox="0 0 24 24"
    width="24"
    xmlns="http://www.w3.org/2000/svg"
  >
    <path
      d="M10 20a1 1 0 0 0 .553.895l2 1A1 1 0 0 0 14 21v-7a2 2 0 0 1 .517-1.341L21.74 4.67A1 1 0 0 0 21 3H3a1 1 0 0 0-.742 1.67l7.225 7.989A2 2 0 0 1 10 14z"
    />
  </svg>
  Filters
  <span
    aria-hidden="true"
    class="inline-flex items-center justify-center rounded-full py-0.5 text-xs font-medium w-fit whitespace-nowrap shrink-0 [&>svg]:size-3 gap-1 [&>svg]:pointer-events-none focus-visible:border-ring focus-visible:ring-ring focus-visible:ring-[3px] aria-invalid:ring-destructive/20 dark:aria-invalid:ring-destructive/40 aria-invalid:border-destructive transition-[color,box-shadow] overflow-hidden [a&]:hover:bg-accent [a&]:hover:text-accent-foreground ml-2 min-w-5 px-1.5 border-0 bg-background text-foreground"
    data-slot="badge"
  >
    3
  </span>
</button>
`;
