// Vitest Snapshot v1, https://vitest.dev/guide/snapshot.html

exports[`Toast stories snapshot > Default story renders and matches snapshot 1`] = `
<div
  class="flex flex-col items-start gap-4 p-6"
>
  <section
    aria-atomic="false"
    aria-label="Notifications alt+T"
    aria-live="polite"
    aria-relevant="additions text"
    tabindex="-1"
  />
  <button
    class="inline-flex items-center justify-center gap-2 whitespace-nowrap rounded-ui text-sm font-medium transition-all disabled:pointer-events-none disabled:opacity-50 [&_svg]:pointer-events-none [&_svg:not([class*='size-'])]:size-4 shrink-0 [&_svg]:shrink-0 outline-none focus-visible:border-ring focus-visible:ring-ring focus-visible:ring-[3px] aria-invalid:ring-destructive/20 dark:aria-invalid:ring-destructive/40 aria-invalid:border-destructive bg-primary text-primary-foreground hover:bg-primary/90 h-9 px-4 py-2 has-[>svg]:px-3"
    data-size="default"
    data-slot="button"
    data-variant="default"
  >
    Show toast
  </button>
</div>
`;

exports[`Toast stories snapshot > Error story renders and matches snapshot 1`] = `
<div
  class="flex flex-col items-start gap-4 p-6"
>
  <section
    aria-atomic="false"
    aria-label="Notifications alt+T"
    aria-live="polite"
    aria-relevant="additions text"
    tabindex="-1"
  />
  <button
    class="inline-flex items-center justify-center gap-2 whitespace-nowrap rounded-ui text-sm font-medium transition-all disabled:pointer-events-none disabled:opacity-50 [&_svg]:pointer-events-none [&_svg:not([class*='size-'])]:size-4 shrink-0 [&_svg]:shrink-0 outline-none focus-visible:border-ring focus-visible:ring-ring focus-visible:ring-[3px] aria-invalid:ring-destructive/20 dark:aria-invalid:ring-destructive/40 aria-invalid:border-destructive bg-primary text-primary-foreground hover:bg-primary/90 h-9 px-4 py-2 has-[>svg]:px-3"
    data-size="default"
    data-slot="button"
    data-variant="default"
  >
    Show error toast
  </button>
</div>
`;

exports[`Toast stories snapshot > Promise_ story renders and matches snapshot 1`] = `
<div
  class="flex flex-col items-start gap-4 p-6"
>
  <section
    aria-atomic="false"
    aria-label="Notifications alt+T"
    aria-live="polite"
    aria-relevant="additions text"
    tabindex="-1"
  />
  <button
    class="inline-flex items-center justify-center gap-2 whitespace-nowrap rounded-ui text-sm font-medium transition-all disabled:pointer-events-none disabled:opacity-50 [&_svg]:pointer-events-none [&_svg:not([class*='size-'])]:size-4 shrink-0 [&_svg]:shrink-0 outline-none focus-visible:border-ring focus-visible:ring-ring focus-visible:ring-[3px] aria-invalid:ring-destructive/20 dark:aria-invalid:ring-destructive/40 aria-invalid:border-destructive bg-primary text-primary-foreground hover:bg-primary/90 h-9 px-4 py-2 has-[>svg]:px-3"
    data-size="default"
    data-slot="button"
    data-variant="default"
  >
    Show promise toast
  </button>
</div>
`;

exports[`Toast stories snapshot > PromiseRejection story renders and matches snapshot 1`] = `
<div
  class="flex flex-col items-start gap-4 p-6"
>
  <section
    aria-atomic="false"
    aria-label="Notifications alt+T"
    aria-live="polite"
    aria-relevant="additions text"
    tabindex="-1"
  />
  <button
    class="inline-flex items-center justify-center gap-2 whitespace-nowrap rounded-ui text-sm font-medium transition-all disabled:pointer-events-none disabled:opacity-50 [&_svg]:pointer-events-none [&_svg:not([class*='size-'])]:size-4 shrink-0 [&_svg]:shrink-0 outline-none focus-visible:border-ring focus-visible:ring-ring focus-visible:ring-[3px] aria-invalid:ring-destructive/20 dark:aria-invalid:ring-destructive/40 aria-invalid:border-destructive bg-primary text-primary-foreground hover:bg-primary/90 h-9 px-4 py-2 has-[>svg]:px-3"
    data-size="default"
    data-slot="button"
    data-variant="default"
  >
    Show promise rejection toast
  </button>
</div>
`;

exports[`Toast stories snapshot > Success story renders and matches snapshot 1`] = `
<div
  class="flex flex-col items-start gap-4 p-6"
>
  <section
    aria-atomic="false"
    aria-label="Notifications alt+T"
    aria-live="polite"
    aria-relevant="additions text"
    tabindex="-1"
  />
  <button
    class="inline-flex items-center justify-center gap-2 whitespace-nowrap rounded-ui text-sm font-medium transition-all disabled:pointer-events-none disabled:opacity-50 [&_svg]:pointer-events-none [&_svg:not([class*='size-'])]:size-4 shrink-0 [&_svg]:shrink-0 outline-none focus-visible:border-ring focus-visible:ring-ring focus-visible:ring-[3px] aria-invalid:ring-destructive/20 dark:aria-invalid:ring-destructive/40 aria-invalid:border-destructive bg-primary text-primary-foreground hover:bg-primary/90 h-9 px-4 py-2 has-[>svg]:px-3"
    data-size="default"
    data-slot="button"
    data-variant="default"
  >
    Show success toast
  </button>
</div>
`;
