// Vitest Snapshot v1, https://vitest.dev/guide/snapshot.html

exports[`CategoryBreadcrumbsSkeleton stories snapshot > Default story renders and matches snapshot 1`] = `
<nav
  aria-label="Breadcrumb"
  class="mb-6"
  data-testid="breadcrumbs-skeleton"
>
  <div
    class="flex flex-wrap items-center text-sm"
  >
    <div
      class="bg-accent animate-pulse rounded-ui h-5 w-20"
      data-slot="skeleton"
    />
    <div
      class="bg-accent animate-pulse rounded-ui mx-1 h-3 w-3"
      data-slot="skeleton"
    />
    <div
      class="bg-accent animate-pulse rounded-ui h-5 w-24"
      data-slot="skeleton"
    />
    <div
      class="bg-accent animate-pulse rounded-ui mx-1 h-3 w-3"
      data-slot="skeleton"
    />
    <div
      class="bg-accent animate-pulse rounded-ui h-5 w-32"
      data-slot="skeleton"
    />
  </div>
</nav>
`;
