// Vitest Snapshot v1, https://vitest.dev/guide/snapshot.html

exports[`Footer Signup stories snapshot > Default story renders and matches snapshot 1`] = `
<div
  class="max-w-md"
>
  <form
    class="w-full max-w-md"
  >
    <label
      class="sr-only"
      for="footer-newsletter-email"
    >
      Email address for newsletter subscription
    </label>
    <div
      class="flex flex-row gap-2 sm:gap-3"
    >
      <input
        aria-invalid="false"
        class="file:text-foreground placeholder:text-muted-foreground selection:bg-primary selection:text-primary-foreground dark:bg-input/30 border-input w-full min-w-0 rounded-ui border px-3 py-1 shadow-ui transition-[color,box-shadow] outline-none file:inline-flex file:h-7 file:border-0 file:bg-transparent file:text-sm file:font-medium disabled:pointer-events-none disabled:cursor-not-allowed disabled:opacity-50 md:text-sm focus-visible:border-ring focus-visible:ring-ring focus-visible:ring-[3px] aria-invalid:ring-destructive/20 dark:aria-invalid:ring-destructive/40 aria-invalid:border-destructive flex-1 h-10 bg-background text-sm font-normal leading-5 text-muted-foreground truncate"
        data-slot="input"
        id="footer-newsletter-email"
        placeholder="Your email"
        type="email"
      />
      <button
        class="inline-flex items-center justify-center gap-2 whitespace-nowrap rounded-ui text-sm font-medium transition-all disabled:pointer-events-none disabled:opacity-50 [&_svg]:pointer-events-none [&_svg:not([class*='size-'])]:size-4 shrink-0 [&_svg]:shrink-0 outline-none focus-visible:border-ring focus-visible:ring-ring focus-visible:ring-[3px] aria-invalid:ring-destructive/20 dark:aria-invalid:ring-destructive/40 aria-invalid:border-destructive text-secondary-foreground hover:bg-secondary/80 h-10 rounded-ui px-6 has-[>svg]:px-4 bg-primary-foreground rounded-ui shadow-2xs"
        data-size="lg"
        data-slot="button"
        data-variant="secondary"
        type="submit"
      >
        Subscribe
      </button>
    </div>
  </form>
</div>
`;

exports[`Footer Signup stories snapshot > InvalidEmailValidation story renders and matches snapshot 1`] = `
<div
  class="max-w-md"
>
  <form
    class="w-full max-w-md"
  >
    <label
      class="sr-only"
      for="footer-newsletter-email"
    >
      Email address for newsletter subscription
    </label>
    <div
      class="flex flex-row gap-2 sm:gap-3"
    >
      <input
        aria-invalid="false"
        class="file:text-foreground placeholder:text-muted-foreground selection:bg-primary selection:text-primary-foreground dark:bg-input/30 border-input w-full min-w-0 rounded-ui border px-3 py-1 shadow-ui transition-[color,box-shadow] outline-none file:inline-flex file:h-7 file:border-0 file:bg-transparent file:text-sm file:font-medium disabled:pointer-events-none disabled:cursor-not-allowed disabled:opacity-50 md:text-sm focus-visible:border-ring focus-visible:ring-ring focus-visible:ring-[3px] aria-invalid:ring-destructive/20 dark:aria-invalid:ring-destructive/40 aria-invalid:border-destructive flex-1 h-10 bg-background text-sm font-normal leading-5 text-muted-foreground truncate"
        data-slot="input"
        id="footer-newsletter-email"
        placeholder="Your email"
        type="email"
      />
      <button
        class="inline-flex items-center justify-center gap-2 whitespace-nowrap rounded-ui text-sm font-medium transition-all disabled:pointer-events-none disabled:opacity-50 [&_svg]:pointer-events-none [&_svg:not([class*='size-'])]:size-4 shrink-0 [&_svg]:shrink-0 outline-none focus-visible:border-ring focus-visible:ring-ring focus-visible:ring-[3px] aria-invalid:ring-destructive/20 dark:aria-invalid:ring-destructive/40 aria-invalid:border-destructive text-secondary-foreground hover:bg-secondary/80 h-10 rounded-ui px-6 has-[>svg]:px-4 bg-primary-foreground rounded-ui shadow-2xs"
        data-size="lg"
        data-slot="button"
        data-variant="secondary"
        type="submit"
      >
        Subscribe
      </button>
    </div>
  </form>
</div>
`;
