// Vitest Snapshot v1, https://vitest.dev/guide/snapshot.html

exports[`RefineSize stories snapshot > FullyFeatured story renders and matches snapshot 1`] = `
<div
  class="flex flex-wrap gap-2 mt-2"
>
  <button
    aria-pressed="false"
    class="inline-flex items-center justify-center gap-2 whitespace-nowrap rounded-ui text-sm font-medium transition-all disabled:pointer-events-none disabled:opacity-50 [&_svg]:pointer-events-none [&_svg:not([class*='size-'])]:size-4 shrink-0 [&_svg]:shrink-0 outline-none focus-visible:border-ring focus-visible:ring-ring focus-visible:ring-[3px] aria-invalid:ring-destructive/20 dark:aria-invalid:ring-destructive/40 aria-invalid:border-destructive border bg-background shadow-ui hover:bg-accent hover:text-accent-foreground dark:bg-input/30 dark:border-input dark:hover:bg-input/50 h-9 px-4 py-2 has-[>svg]:px-3"
    data-size="default"
    data-slot="button"
    data-variant="outline"
  >
    XS
    <span
      class="ml-auto text-xs bg-muted/50 px-2 py-1 rounded-full"
    >
      5
    </span>
  </button>
  <button
    aria-pressed="false"
    class="inline-flex items-center justify-center gap-2 whitespace-nowrap rounded-ui text-sm font-medium transition-all disabled:pointer-events-none disabled:opacity-50 [&_svg]:pointer-events-none [&_svg:not([class*='size-'])]:size-4 shrink-0 [&_svg]:shrink-0 outline-none focus-visible:border-ring focus-visible:ring-ring focus-visible:ring-[3px] aria-invalid:ring-destructive/20 dark:aria-invalid:ring-destructive/40 aria-invalid:border-destructive border bg-background shadow-ui hover:bg-accent hover:text-accent-foreground dark:bg-input/30 dark:border-input dark:hover:bg-input/50 h-9 px-4 py-2 has-[>svg]:px-3"
    data-size="default"
    data-slot="button"
    data-variant="outline"
  >
    S
    <span
      class="ml-auto text-xs bg-muted/50 px-2 py-1 rounded-full"
    >
      8
    </span>
  </button>
  <button
    aria-pressed="true"
    class="inline-flex items-center justify-center gap-2 whitespace-nowrap rounded-ui text-sm font-medium transition-all disabled:pointer-events-none disabled:opacity-50 [&_svg]:pointer-events-none [&_svg:not([class*='size-'])]:size-4 shrink-0 [&_svg]:shrink-0 outline-none focus-visible:border-ring focus-visible:ring-ring focus-visible:ring-[3px] aria-invalid:ring-destructive/20 dark:aria-invalid:ring-destructive/40 aria-invalid:border-destructive border bg-background shadow-ui hover:bg-accent hover:text-accent-foreground dark:bg-input/30 dark:border-input dark:hover:bg-input/50 h-9 px-4 py-2 has-[>svg]:px-3 border-foreground/80"
    data-size="default"
    data-slot="button"
    data-variant="outline"
  >
    M
    <span
      class="ml-auto text-xs bg-muted/50 px-2 py-1 rounded-full"
    >
      8
    </span>
  </button>
  <button
    aria-pressed="false"
    class="inline-flex items-center justify-center gap-2 whitespace-nowrap rounded-ui text-sm font-medium transition-all disabled:pointer-events-none disabled:opacity-50 [&_svg]:pointer-events-none [&_svg:not([class*='size-'])]:size-4 shrink-0 [&_svg]:shrink-0 outline-none focus-visible:border-ring focus-visible:ring-ring focus-visible:ring-[3px] aria-invalid:ring-destructive/20 dark:aria-invalid:ring-destructive/40 aria-invalid:border-destructive border bg-background shadow-ui hover:bg-accent hover:text-accent-foreground dark:bg-input/30 dark:border-input dark:hover:bg-input/50 h-9 px-4 py-2 has-[>svg]:px-3"
    data-size="default"
    data-slot="button"
    data-variant="outline"
  >
    L
    <span
      class="ml-auto text-xs bg-muted/50 px-2 py-1 rounded-full"
    >
      6
    </span>
  </button>
  <button
    aria-pressed="false"
    class="inline-flex items-center justify-center gap-2 whitespace-nowrap rounded-ui text-sm font-medium transition-all disabled:pointer-events-none disabled:opacity-50 [&_svg]:pointer-events-none [&_svg:not([class*='size-'])]:size-4 shrink-0 [&_svg]:shrink-0 outline-none focus-visible:border-ring focus-visible:ring-ring focus-visible:ring-[3px] aria-invalid:ring-destructive/20 dark:aria-invalid:ring-destructive/40 aria-invalid:border-destructive border bg-background shadow-ui hover:bg-accent hover:text-accent-foreground dark:bg-input/30 dark:border-input dark:hover:bg-input/50 h-9 px-4 py-2 has-[>svg]:px-3"
    data-size="default"
    data-slot="button"
    data-variant="outline"
  >
    XL
    <span
      class="ml-auto text-xs bg-muted/50 px-2 py-1 rounded-full"
    >
      7
    </span>
  </button>
</div>
`;
