// Vitest Snapshot v1, https://vitest.dev/guide/snapshot.html

exports[`ActiveFilters stories snapshot > FullyFeatured story renders and matches snapshot 1`] = `
<div
  class="mb-4 border-b"
>
  <div
    class="mb-4 flex flex-wrap items-center gap-2"
  >
    <span
      class="font-medium uppercase"
    >
      Applied filters:
    </span>
    <button
      class="inline-flex items-center justify-center gap-2 whitespace-nowrap rounded-ui text-sm font-medium transition-all disabled:pointer-events-none disabled:opacity-50 [&_svg]:pointer-events-none [&_svg:not([class*='size-'])]:size-4 shrink-0 [&_svg]:shrink-0 outline-none focus-visible:border-ring focus-visible:ring-ring focus-visible:ring-[3px] aria-invalid:ring-destructive/20 dark:aria-invalid:ring-destructive/40 aria-invalid:border-destructive border shadow-ui hover:text-accent-foreground dark:bg-input/30 dark:border-input dark:hover:bg-input/50 h-9 px-4 py-2 has-[>svg]:px-3 cursor-pointer bg-muted hover:bg-muted-hover"
      data-size="default"
      data-slot="button"
      data-variant="outline"
    >
      <span
        class="mr-1"
      >
        Black
      </span>
      <svg
        aria-hidden="true"
        class="lucide lucide-x size-3"
        fill="none"
        height="24"
        stroke="currentColor"
        stroke-linecap="round"
        stroke-linejoin="round"
        stroke-width="2"
        viewBox="0 0 24 24"
        width="24"
        xmlns="http://www.w3.org/2000/svg"
      >
        <path
          d="M18 6 6 18"
        />
        <path
          d="m6 6 12 12"
        />
      </svg>
    </button>
    <button
      class="inline-flex items-center justify-center gap-2 whitespace-nowrap rounded-ui text-sm font-medium transition-all disabled:pointer-events-none disabled:opacity-50 [&_svg]:pointer-events-none [&_svg:not([class*='size-'])]:size-4 shrink-0 [&_svg]:shrink-0 outline-none focus-visible:border-ring focus-visible:ring-ring focus-visible:ring-[3px] aria-invalid:ring-destructive/20 dark:aria-invalid:ring-destructive/40 aria-invalid:border-destructive border shadow-ui hover:text-accent-foreground dark:bg-input/30 dark:border-input dark:hover:bg-input/50 h-9 px-4 py-2 has-[>svg]:px-3 cursor-pointer bg-muted hover:bg-muted-hover"
      data-size="default"
      data-slot="button"
      data-variant="outline"
    >
      <span
        class="mr-1"
      >
        M
      </span>
      <svg
        aria-hidden="true"
        class="lucide lucide-x size-3"
        fill="none"
        height="24"
        stroke="currentColor"
        stroke-linecap="round"
        stroke-linejoin="round"
        stroke-width="2"
        viewBox="0 0 24 24"
        width="24"
        xmlns="http://www.w3.org/2000/svg"
      >
        <path
          d="M18 6 6 18"
        />
        <path
          d="m6 6 12 12"
        />
      </svg>
    </button>
    <button
      class="inline-flex items-center justify-center gap-2 whitespace-nowrap rounded-ui font-medium transition-all disabled:pointer-events-none disabled:opacity-50 [&_svg]:pointer-events-none [&_svg:not([class*='size-'])]:size-4 shrink-0 [&_svg]:shrink-0 outline-none focus-visible:border-ring focus-visible:ring-ring focus-visible:ring-[3px] aria-invalid:ring-destructive/20 dark:aria-invalid:ring-destructive/40 aria-invalid:border-destructive underline-offset-4 hover:underline h-9 has-[>svg]:px-3 m-0 p-0 cursor-pointer underline text-sm text-muted-foreground hover:text-foreground"
      data-size="default"
      data-slot="button"
      data-variant="link"
    >
      Clear all
    </button>
  </div>
</div>
`;

exports[`ActiveFilters stories snapshot > NoActiveFilters story renders and matches snapshot 1`] = `null`;
