// Vitest Snapshot v1, https://vitest.dev/guide/snapshot.html

exports[`CartItemEditButton stories snapshot > Default story renders and matches snapshot 1`] = `
<button
  aria-label="Edit "
  class="inline-flex items-center justify-center whitespace-nowrap rounded-ui font-medium transition-all disabled:pointer-events-none disabled:opacity-50 [&_svg]:pointer-events-none [&_svg:not([class*='size-'])]:size-4 shrink-0 [&_svg]:shrink-0 outline-none focus-visible:border-ring focus-visible:ring-ring focus-visible:ring-[3px] aria-invalid:ring-destructive/20 dark:aria-invalid:ring-destructive/40 aria-invalid:border-destructive text-primary underline-offset-4 h-8 rounded-ui gap-1.5 px-3 has-[>svg]:px-2.5 text-xs cursor-pointer hover:no-underline"
  data-size="sm"
  data-slot="button"
  data-testid="edit-item-undefined"
  data-variant="link"
>
  Edit
</button>
`;
