// Vitest Snapshot v1, https://vitest.dev/guide/snapshot.html

exports[`CartTitle stories snapshot > Default story renders and matches snapshot 1`] = `
<div
  class="flex items-center gap-2 mb-6"
>
  <svg
    aria-hidden="true"
    class="lucide lucide-truck size-[1.125rem] text-foreground shrink-0"
    fill="none"
    height="24"
    stroke="currentColor"
    stroke-linecap="round"
    stroke-linejoin="round"
    stroke-width="2"
    viewBox="0 0 24 24"
    width="24"
    xmlns="http://www.w3.org/2000/svg"
  >
    <path
      d="M14 18V6a2 2 0 0 0-2-2H4a2 2 0 0 0-2 2v11a1 1 0 0 0 1 1h2"
    />
    <path
      d="M15 18H9"
    />
    <path
      d="M19 18h2a1 1 0 0 0 1-1v-3.65a1 1 0 0 0-.22-.624l-3.48-4.35A1 1 0 0 0 17.52 8H14"
    />
    <circle
      cx="17"
      cy="18"
      r="2"
    />
    <circle
      cx="7"
      cy="18"
      r="2"
    />
  </svg>
  <div>
    <h2
      class="text-left text-xl font-normal leading-[120%] tracking-[-0.6px] text-card-foreground"
    >
      Delivery - 2 out of 2 items
    </h2>
  </div>
</div>
`;
