// Vitest Snapshot v1, https://vitest.dev/guide/snapshot.html

exports[`NavigationMenu stories snapshot > Default story renders and matches snapshot 1`] = `
<nav
  aria-label="Main"
  class="group/navigation-menu relative flex max-w-max flex-1 items-center justify-center"
  data-orientation="horizontal"
  data-slot="navigation-menu"
  data-viewport="true"
  dir="ltr"
>
  <div
    style="position: relative;"
  >
    <ul
      class="group flex flex-1 list-none items-center justify-center gap-1"
      data-orientation="horizontal"
      data-slot="navigation-menu-list"
      dir="ltr"
    >
      <li
        class="relative"
        data-slot="navigation-menu-item"
      >
        <button
          aria-controls="radix-_r_0_-content-radix-_r_1_"
          aria-expanded="false"
          class="group inline-flex h-9 w-max items-center justify-center rounded-ui bg-transparent px-4 py-2 text-sm font-medium hover:bg-header-menu-hover-background hover:text-[var(--header-menu-hover-foreground)] focus:bg-header-menu-hover-background focus:text-[var(--header-menu-hover-foreground)] disabled:pointer-events-none disabled:opacity-50 data-[state=open]:hover:bg-header-menu-hover-background data-[state=open]:hover:text-[var(--header-menu-hover-foreground)] data-[state=open]:focus:bg-header-menu-hover-background data-[state=open]:focus:text-[var(--header-menu-hover-foreground)] data-[state=open]:bg-header-menu-active-background focus-visible:ring-ring outline-none transition-[color,box-shadow] focus-visible:ring-[3px] focus-visible:outline-1 group"
          data-has-submenu="true"
          data-radix-collection-item=""
          data-slot="navigation-menu-trigger"
          data-state="closed"
          id="radix-_r_0_-trigger-radix-_r_1_"
        >
          Women
        </button>
      </li>
      <li
        class="relative"
        data-slot="navigation-menu-item"
      >
        <button
          aria-controls="radix-_r_0_-content-radix-_r_2_"
          aria-expanded="false"
          class="group inline-flex h-9 w-max items-center justify-center rounded-ui bg-transparent px-4 py-2 text-sm font-medium hover:bg-header-menu-hover-background hover:text-[var(--header-menu-hover-foreground)] focus:bg-header-menu-hover-background focus:text-[var(--header-menu-hover-foreground)] disabled:pointer-events-none disabled:opacity-50 data-[state=open]:hover:bg-header-menu-hover-background data-[state=open]:hover:text-[var(--header-menu-hover-foreground)] data-[state=open]:focus:bg-header-menu-hover-background data-[state=open]:focus:text-[var(--header-menu-hover-foreground)] data-[state=open]:bg-header-menu-active-background focus-visible:ring-ring outline-none transition-[color,box-shadow] focus-visible:ring-[3px] focus-visible:outline-1 group"
          data-has-submenu="true"
          data-radix-collection-item=""
          data-slot="navigation-menu-trigger"
          data-state="closed"
          id="radix-_r_0_-trigger-radix-_r_2_"
        >
          Men
        </button>
      </li>
      <li
        class="relative"
        data-slot="navigation-menu-item"
      >
        <button
          aria-controls="radix-_r_0_-content-radix-_r_3_"
          aria-expanded="false"
          class="group inline-flex h-9 w-max items-center justify-center rounded-ui bg-transparent px-4 py-2 text-sm font-medium hover:bg-header-menu-hover-background hover:text-[var(--header-menu-hover-foreground)] focus:bg-header-menu-hover-background focus:text-[var(--header-menu-hover-foreground)] disabled:pointer-events-none disabled:opacity-50 data-[state=open]:hover:bg-header-menu-hover-background data-[state=open]:hover:text-[var(--header-menu-hover-foreground)] data-[state=open]:focus:bg-header-menu-hover-background data-[state=open]:focus:text-[var(--header-menu-hover-foreground)] data-[state=open]:bg-header-menu-active-background focus-visible:ring-ring outline-none transition-[color,box-shadow] focus-visible:ring-[3px] focus-visible:outline-1 group"
          data-has-submenu="true"
          data-radix-collection-item=""
          data-slot="navigation-menu-trigger"
          data-state="closed"
          id="radix-_r_0_-trigger-radix-_r_3_"
        >
          Accessories
        </button>
      </li>
    </ul>
  </div>
  <div
    class="absolute top-full left-0 isolate z-50 flex justify-center"
  />
</nav>
`;
