// Vitest Snapshot v1, https://vitest.dev/guide/snapshot.html

exports[`CheckoutContext stories snapshot > CustomerProfileCheckoutWithDelivery story renders and matches snapshot 1`] = `
<div
  class="w-full max-w-4xl mx-auto p-6"
  data-checkout-context-harness="true"
>
  <div
    class="space-y-4 p-6 border rounded"
  >
    <div>
      <h3
        class="text-sm font-semibold mb-2"
      >
        Checkout Context State
      </h3>
      <div
        class="space-y-2 text-sm"
      >
        <div
          data-testid="active-step"
        >
          <strong>
            Active Step:
          </strong>
           
          Contact Info
           (
          0
          )
          <span
            class="ml-2 text-muted-foreground text-xs"
          >
            (editingStep ?? step — what's visible to the shopper)
          </span>
        </div>
        <div
          data-testid="current-step"
        >
          <strong>
            Basket Step (step):
          </strong>
           
          Contact Info
           (
          0
          )
          <span
            class="ml-2 text-muted-foreground text-xs"
          >
            (basket-derived, frozen while editing)
          </span>
        </div>
        <div
          data-testid="computed-step"
        >
          <strong>
            Computed Step:
          </strong>
           
          Contact Info
           (
          0
          )
          <span
            class="ml-2 text-muted-foreground text-xs"
          >
            (furthest step with basket data)
          </span>
        </div>
        <div
          data-testid="editing-step"
        >
          <strong>
            Editing Step:
          </strong>
           
          None
           (
          null
          )
        </div>
        <div
          data-testid="has-delivery-items"
        >
          <strong>
            Has Delivery Items:
          </strong>
           
          false
        </div>
      </div>
    </div>
    <div
      class="flex gap-2 flex-wrap"
    >
      <button
        class="inline-flex items-center justify-center whitespace-nowrap rounded-ui text-sm font-medium transition-all disabled:pointer-events-none disabled:opacity-50 [&_svg]:pointer-events-none [&_svg:not([class*='size-'])]:size-4 shrink-0 [&_svg]:shrink-0 outline-none focus-visible:border-ring focus-visible:ring-ring focus-visible:ring-[3px] aria-invalid:ring-destructive/20 dark:aria-invalid:ring-destructive/40 aria-invalid:border-destructive bg-primary text-primary-foreground hover:bg-primary/90 h-8 rounded-ui gap-1.5 px-3 has-[>svg]:px-2.5"
        data-size="sm"
        data-slot="button"
        data-variant="default"
      >
        Go to Next Step
      </button>
      <button
        class="inline-flex items-center justify-center whitespace-nowrap rounded-ui text-sm font-medium transition-all disabled:pointer-events-none disabled:opacity-50 [&_svg]:pointer-events-none [&_svg:not([class*='size-'])]:size-4 shrink-0 [&_svg]:shrink-0 outline-none focus-visible:border-ring focus-visible:ring-ring focus-visible:ring-[3px] aria-invalid:ring-destructive/20 dark:aria-invalid:ring-destructive/40 aria-invalid:border-destructive border bg-background shadow-ui hover:bg-accent hover:text-accent-foreground dark:bg-input/30 dark:border-input dark:hover:bg-input/50 h-8 rounded-ui gap-1.5 px-3 has-[>svg]:px-2.5"
        data-size="sm"
        data-slot="button"
        data-variant="outline"
      >
        Go to Contact Info
      </button>
      <button
        class="inline-flex items-center justify-center whitespace-nowrap rounded-ui text-sm font-medium transition-all disabled:pointer-events-none disabled:opacity-50 [&_svg]:pointer-events-none [&_svg:not([class*='size-'])]:size-4 shrink-0 [&_svg]:shrink-0 outline-none focus-visible:border-ring focus-visible:ring-ring focus-visible:ring-[3px] aria-invalid:ring-destructive/20 dark:aria-invalid:ring-destructive/40 aria-invalid:border-destructive border bg-background shadow-ui hover:bg-accent hover:text-accent-foreground dark:bg-input/30 dark:border-input dark:hover:bg-input/50 h-8 rounded-ui gap-1.5 px-3 has-[>svg]:px-2.5"
        data-size="sm"
        data-slot="button"
        data-variant="outline"
      >
        Go to Pickup
      </button>
      <button
        class="inline-flex items-center justify-center whitespace-nowrap rounded-ui text-sm font-medium transition-all disabled:pointer-events-none disabled:opacity-50 [&_svg]:pointer-events-none [&_svg:not([class*='size-'])]:size-4 shrink-0 [&_svg]:shrink-0 outline-none focus-visible:border-ring focus-visible:ring-ring focus-visible:ring-[3px] aria-invalid:ring-destructive/20 dark:aria-invalid:ring-destructive/40 aria-invalid:border-destructive border bg-background shadow-ui hover:bg-accent hover:text-accent-foreground dark:bg-input/30 dark:border-input dark:hover:bg-input/50 h-8 rounded-ui gap-1.5 px-3 has-[>svg]:px-2.5"
        data-size="sm"
        data-slot="button"
        data-variant="outline"
      >
        Go to Payment
      </button>
      <button
        class="inline-flex items-center justify-center whitespace-nowrap rounded-ui text-sm font-medium transition-all disabled:pointer-events-none disabled:opacity-50 [&_svg]:pointer-events-none [&_svg:not([class*='size-'])]:size-4 shrink-0 [&_svg]:shrink-0 outline-none focus-visible:border-ring focus-visible:ring-ring focus-visible:ring-[3px] aria-invalid:ring-destructive/20 dark:aria-invalid:ring-destructive/40 aria-invalid:border-destructive border bg-background shadow-ui hover:bg-accent hover:text-accent-foreground dark:bg-input/30 dark:border-input dark:hover:bg-input/50 h-8 rounded-ui gap-1.5 px-3 has-[>svg]:px-2.5"
        data-size="sm"
        data-slot="button"
        data-variant="outline"
      >
        Go to Place Order
      </button>
      <button
        class="inline-flex items-center justify-center whitespace-nowrap rounded-ui text-sm font-medium transition-all disabled:pointer-events-none disabled:opacity-50 [&_svg]:pointer-events-none [&_svg:not([class*='size-'])]:size-4 shrink-0 [&_svg]:shrink-0 outline-none focus-visible:border-ring focus-visible:ring-ring focus-visible:ring-[3px] aria-invalid:ring-destructive/20 dark:aria-invalid:ring-destructive/40 aria-invalid:border-destructive border bg-background shadow-ui hover:bg-accent hover:text-accent-foreground dark:bg-input/30 dark:border-input dark:hover:bg-input/50 h-8 rounded-ui gap-1.5 px-3 has-[>svg]:px-2.5"
        data-size="sm"
        data-slot="button"
        data-variant="outline"
      >
        Exit Edit Mode
      </button>
    </div>
  </div>
</div>
`;

exports[`CheckoutContext stories snapshot > CustomerProfileCheckoutWithPickup story renders and matches snapshot 1`] = `
<div
  class="w-full max-w-4xl mx-auto p-6"
  data-checkout-context-harness="true"
>
  <div
    class="space-y-4 p-6 border rounded"
  >
    <div>
      <h3
        class="text-sm font-semibold mb-2"
      >
        Checkout Context State
      </h3>
      <div
        class="space-y-2 text-sm"
      >
        <div
          data-testid="active-step"
        >
          <strong>
            Active Step:
          </strong>
           
          Contact Info
           (
          0
          )
          <span
            class="ml-2 text-muted-foreground text-xs"
          >
            (editingStep ?? step — what's visible to the shopper)
          </span>
        </div>
        <div
          data-testid="current-step"
        >
          <strong>
            Basket Step (step):
          </strong>
           
          Contact Info
           (
          0
          )
          <span
            class="ml-2 text-muted-foreground text-xs"
          >
            (basket-derived, frozen while editing)
          </span>
        </div>
        <div
          data-testid="computed-step"
        >
          <strong>
            Computed Step:
          </strong>
           
          Contact Info
           (
          0
          )
          <span
            class="ml-2 text-muted-foreground text-xs"
          >
            (furthest step with basket data)
          </span>
        </div>
        <div
          data-testid="editing-step"
        >
          <strong>
            Editing Step:
          </strong>
           
          None
           (
          null
          )
        </div>
        <div
          data-testid="has-delivery-items"
        >
          <strong>
            Has Delivery Items:
          </strong>
           
          false
        </div>
      </div>
    </div>
    <div
      class="flex gap-2 flex-wrap"
    >
      <button
        class="inline-flex items-center justify-center whitespace-nowrap rounded-ui text-sm font-medium transition-all disabled:pointer-events-none disabled:opacity-50 [&_svg]:pointer-events-none [&_svg:not([class*='size-'])]:size-4 shrink-0 [&_svg]:shrink-0 outline-none focus-visible:border-ring focus-visible:ring-ring focus-visible:ring-[3px] aria-invalid:ring-destructive/20 dark:aria-invalid:ring-destructive/40 aria-invalid:border-destructive bg-primary text-primary-foreground hover:bg-primary/90 h-8 rounded-ui gap-1.5 px-3 has-[>svg]:px-2.5"
        data-size="sm"
        data-slot="button"
        data-variant="default"
      >
        Go to Next Step
      </button>
      <button
        class="inline-flex items-center justify-center whitespace-nowrap rounded-ui text-sm font-medium transition-all disabled:pointer-events-none disabled:opacity-50 [&_svg]:pointer-events-none [&_svg:not([class*='size-'])]:size-4 shrink-0 [&_svg]:shrink-0 outline-none focus-visible:border-ring focus-visible:ring-ring focus-visible:ring-[3px] aria-invalid:ring-destructive/20 dark:aria-invalid:ring-destructive/40 aria-invalid:border-destructive border bg-background shadow-ui hover:bg-accent hover:text-accent-foreground dark:bg-input/30 dark:border-input dark:hover:bg-input/50 h-8 rounded-ui gap-1.5 px-3 has-[>svg]:px-2.5"
        data-size="sm"
        data-slot="button"
        data-variant="outline"
      >
        Go to Contact Info
      </button>
      <button
        class="inline-flex items-center justify-center whitespace-nowrap rounded-ui text-sm font-medium transition-all disabled:pointer-events-none disabled:opacity-50 [&_svg]:pointer-events-none [&_svg:not([class*='size-'])]:size-4 shrink-0 [&_svg]:shrink-0 outline-none focus-visible:border-ring focus-visible:ring-ring focus-visible:ring-[3px] aria-invalid:ring-destructive/20 dark:aria-invalid:ring-destructive/40 aria-invalid:border-destructive border bg-background shadow-ui hover:bg-accent hover:text-accent-foreground dark:bg-input/30 dark:border-input dark:hover:bg-input/50 h-8 rounded-ui gap-1.5 px-3 has-[>svg]:px-2.5"
        data-size="sm"
        data-slot="button"
        data-variant="outline"
      >
        Go to Pickup
      </button>
      <button
        class="inline-flex items-center justify-center whitespace-nowrap rounded-ui text-sm font-medium transition-all disabled:pointer-events-none disabled:opacity-50 [&_svg]:pointer-events-none [&_svg:not([class*='size-'])]:size-4 shrink-0 [&_svg]:shrink-0 outline-none focus-visible:border-ring focus-visible:ring-ring focus-visible:ring-[3px] aria-invalid:ring-destructive/20 dark:aria-invalid:ring-destructive/40 aria-invalid:border-destructive border bg-background shadow-ui hover:bg-accent hover:text-accent-foreground dark:bg-input/30 dark:border-input dark:hover:bg-input/50 h-8 rounded-ui gap-1.5 px-3 has-[>svg]:px-2.5"
        data-size="sm"
        data-slot="button"
        data-variant="outline"
      >
        Go to Payment
      </button>
      <button
        class="inline-flex items-center justify-center whitespace-nowrap rounded-ui text-sm font-medium transition-all disabled:pointer-events-none disabled:opacity-50 [&_svg]:pointer-events-none [&_svg:not([class*='size-'])]:size-4 shrink-0 [&_svg]:shrink-0 outline-none focus-visible:border-ring focus-visible:ring-ring focus-visible:ring-[3px] aria-invalid:ring-destructive/20 dark:aria-invalid:ring-destructive/40 aria-invalid:border-destructive border bg-background shadow-ui hover:bg-accent hover:text-accent-foreground dark:bg-input/30 dark:border-input dark:hover:bg-input/50 h-8 rounded-ui gap-1.5 px-3 has-[>svg]:px-2.5"
        data-size="sm"
        data-slot="button"
        data-variant="outline"
      >
        Go to Place Order
      </button>
      <button
        class="inline-flex items-center justify-center whitespace-nowrap rounded-ui text-sm font-medium transition-all disabled:pointer-events-none disabled:opacity-50 [&_svg]:pointer-events-none [&_svg:not([class*='size-'])]:size-4 shrink-0 [&_svg]:shrink-0 outline-none focus-visible:border-ring focus-visible:ring-ring focus-visible:ring-[3px] aria-invalid:ring-destructive/20 dark:aria-invalid:ring-destructive/40 aria-invalid:border-destructive border bg-background shadow-ui hover:bg-accent hover:text-accent-foreground dark:bg-input/30 dark:border-input dark:hover:bg-input/50 h-8 rounded-ui gap-1.5 px-3 has-[>svg]:px-2.5"
        data-size="sm"
        data-slot="button"
        data-variant="outline"
      >
        Exit Edit Mode
      </button>
    </div>
  </div>
</div>
`;

exports[`CheckoutContext stories snapshot > GuestCheckoutWithDelivery story renders and matches snapshot 1`] = `
<div
  class="w-full max-w-4xl mx-auto p-6"
  data-checkout-context-harness="true"
>
  <div
    class="space-y-4 p-6 border rounded"
  >
    <div>
      <h3
        class="text-sm font-semibold mb-2"
      >
        Checkout Context State
      </h3>
      <div
        class="space-y-2 text-sm"
      >
        <div
          data-testid="active-step"
        >
          <strong>
            Active Step:
          </strong>
           
          Contact Info
           (
          0
          )
          <span
            class="ml-2 text-muted-foreground text-xs"
          >
            (editingStep ?? step — what's visible to the shopper)
          </span>
        </div>
        <div
          data-testid="current-step"
        >
          <strong>
            Basket Step (step):
          </strong>
           
          Contact Info
           (
          0
          )
          <span
            class="ml-2 text-muted-foreground text-xs"
          >
            (basket-derived, frozen while editing)
          </span>
        </div>
        <div
          data-testid="computed-step"
        >
          <strong>
            Computed Step:
          </strong>
           
          Contact Info
           (
          0
          )
          <span
            class="ml-2 text-muted-foreground text-xs"
          >
            (furthest step with basket data)
          </span>
        </div>
        <div
          data-testid="editing-step"
        >
          <strong>
            Editing Step:
          </strong>
           
          None
           (
          null
          )
        </div>
        <div
          data-testid="has-delivery-items"
        >
          <strong>
            Has Delivery Items:
          </strong>
           
          false
        </div>
      </div>
    </div>
    <div
      class="flex gap-2 flex-wrap"
    >
      <button
        class="inline-flex items-center justify-center whitespace-nowrap rounded-ui text-sm font-medium transition-all disabled:pointer-events-none disabled:opacity-50 [&_svg]:pointer-events-none [&_svg:not([class*='size-'])]:size-4 shrink-0 [&_svg]:shrink-0 outline-none focus-visible:border-ring focus-visible:ring-ring focus-visible:ring-[3px] aria-invalid:ring-destructive/20 dark:aria-invalid:ring-destructive/40 aria-invalid:border-destructive bg-primary text-primary-foreground hover:bg-primary/90 h-8 rounded-ui gap-1.5 px-3 has-[>svg]:px-2.5"
        data-size="sm"
        data-slot="button"
        data-variant="default"
      >
        Go to Next Step
      </button>
      <button
        class="inline-flex items-center justify-center whitespace-nowrap rounded-ui text-sm font-medium transition-all disabled:pointer-events-none disabled:opacity-50 [&_svg]:pointer-events-none [&_svg:not([class*='size-'])]:size-4 shrink-0 [&_svg]:shrink-0 outline-none focus-visible:border-ring focus-visible:ring-ring focus-visible:ring-[3px] aria-invalid:ring-destructive/20 dark:aria-invalid:ring-destructive/40 aria-invalid:border-destructive border bg-background shadow-ui hover:bg-accent hover:text-accent-foreground dark:bg-input/30 dark:border-input dark:hover:bg-input/50 h-8 rounded-ui gap-1.5 px-3 has-[>svg]:px-2.5"
        data-size="sm"
        data-slot="button"
        data-variant="outline"
      >
        Go to Contact Info
      </button>
      <button
        class="inline-flex items-center justify-center whitespace-nowrap rounded-ui text-sm font-medium transition-all disabled:pointer-events-none disabled:opacity-50 [&_svg]:pointer-events-none [&_svg:not([class*='size-'])]:size-4 shrink-0 [&_svg]:shrink-0 outline-none focus-visible:border-ring focus-visible:ring-ring focus-visible:ring-[3px] aria-invalid:ring-destructive/20 dark:aria-invalid:ring-destructive/40 aria-invalid:border-destructive border bg-background shadow-ui hover:bg-accent hover:text-accent-foreground dark:bg-input/30 dark:border-input dark:hover:bg-input/50 h-8 rounded-ui gap-1.5 px-3 has-[>svg]:px-2.5"
        data-size="sm"
        data-slot="button"
        data-variant="outline"
      >
        Go to Pickup
      </button>
      <button
        class="inline-flex items-center justify-center whitespace-nowrap rounded-ui text-sm font-medium transition-all disabled:pointer-events-none disabled:opacity-50 [&_svg]:pointer-events-none [&_svg:not([class*='size-'])]:size-4 shrink-0 [&_svg]:shrink-0 outline-none focus-visible:border-ring focus-visible:ring-ring focus-visible:ring-[3px] aria-invalid:ring-destructive/20 dark:aria-invalid:ring-destructive/40 aria-invalid:border-destructive border bg-background shadow-ui hover:bg-accent hover:text-accent-foreground dark:bg-input/30 dark:border-input dark:hover:bg-input/50 h-8 rounded-ui gap-1.5 px-3 has-[>svg]:px-2.5"
        data-size="sm"
        data-slot="button"
        data-variant="outline"
      >
        Go to Payment
      </button>
      <button
        class="inline-flex items-center justify-center whitespace-nowrap rounded-ui text-sm font-medium transition-all disabled:pointer-events-none disabled:opacity-50 [&_svg]:pointer-events-none [&_svg:not([class*='size-'])]:size-4 shrink-0 [&_svg]:shrink-0 outline-none focus-visible:border-ring focus-visible:ring-ring focus-visible:ring-[3px] aria-invalid:ring-destructive/20 dark:aria-invalid:ring-destructive/40 aria-invalid:border-destructive border bg-background shadow-ui hover:bg-accent hover:text-accent-foreground dark:bg-input/30 dark:border-input dark:hover:bg-input/50 h-8 rounded-ui gap-1.5 px-3 has-[>svg]:px-2.5"
        data-size="sm"
        data-slot="button"
        data-variant="outline"
      >
        Go to Place Order
      </button>
      <button
        class="inline-flex items-center justify-center whitespace-nowrap rounded-ui text-sm font-medium transition-all disabled:pointer-events-none disabled:opacity-50 [&_svg]:pointer-events-none [&_svg:not([class*='size-'])]:size-4 shrink-0 [&_svg]:shrink-0 outline-none focus-visible:border-ring focus-visible:ring-ring focus-visible:ring-[3px] aria-invalid:ring-destructive/20 dark:aria-invalid:ring-destructive/40 aria-invalid:border-destructive border bg-background shadow-ui hover:bg-accent hover:text-accent-foreground dark:bg-input/30 dark:border-input dark:hover:bg-input/50 h-8 rounded-ui gap-1.5 px-3 has-[>svg]:px-2.5"
        data-size="sm"
        data-slot="button"
        data-variant="outline"
      >
        Exit Edit Mode
      </button>
    </div>
  </div>
</div>
`;

exports[`CheckoutContext stories snapshot > GuestCheckoutWithPickup story renders and matches snapshot 1`] = `
<div
  class="w-full max-w-4xl mx-auto p-6"
  data-checkout-context-harness="true"
>
  <div
    class="space-y-4 p-6 border rounded"
  >
    <div>
      <h3
        class="text-sm font-semibold mb-2"
      >
        Checkout Context State
      </h3>
      <div
        class="space-y-2 text-sm"
      >
        <div
          data-testid="active-step"
        >
          <strong>
            Active Step:
          </strong>
           
          Contact Info
           (
          0
          )
          <span
            class="ml-2 text-muted-foreground text-xs"
          >
            (editingStep ?? step — what's visible to the shopper)
          </span>
        </div>
        <div
          data-testid="current-step"
        >
          <strong>
            Basket Step (step):
          </strong>
           
          Contact Info
           (
          0
          )
          <span
            class="ml-2 text-muted-foreground text-xs"
          >
            (basket-derived, frozen while editing)
          </span>
        </div>
        <div
          data-testid="computed-step"
        >
          <strong>
            Computed Step:
          </strong>
           
          Contact Info
           (
          0
          )
          <span
            class="ml-2 text-muted-foreground text-xs"
          >
            (furthest step with basket data)
          </span>
        </div>
        <div
          data-testid="editing-step"
        >
          <strong>
            Editing Step:
          </strong>
           
          None
           (
          null
          )
        </div>
        <div
          data-testid="has-delivery-items"
        >
          <strong>
            Has Delivery Items:
          </strong>
           
          false
        </div>
      </div>
    </div>
    <div
      class="flex gap-2 flex-wrap"
    >
      <button
        class="inline-flex items-center justify-center whitespace-nowrap rounded-ui text-sm font-medium transition-all disabled:pointer-events-none disabled:opacity-50 [&_svg]:pointer-events-none [&_svg:not([class*='size-'])]:size-4 shrink-0 [&_svg]:shrink-0 outline-none focus-visible:border-ring focus-visible:ring-ring focus-visible:ring-[3px] aria-invalid:ring-destructive/20 dark:aria-invalid:ring-destructive/40 aria-invalid:border-destructive bg-primary text-primary-foreground hover:bg-primary/90 h-8 rounded-ui gap-1.5 px-3 has-[>svg]:px-2.5"
        data-size="sm"
        data-slot="button"
        data-variant="default"
      >
        Go to Next Step
      </button>
      <button
        class="inline-flex items-center justify-center whitespace-nowrap rounded-ui text-sm font-medium transition-all disabled:pointer-events-none disabled:opacity-50 [&_svg]:pointer-events-none [&_svg:not([class*='size-'])]:size-4 shrink-0 [&_svg]:shrink-0 outline-none focus-visible:border-ring focus-visible:ring-ring focus-visible:ring-[3px] aria-invalid:ring-destructive/20 dark:aria-invalid:ring-destructive/40 aria-invalid:border-destructive border bg-background shadow-ui hover:bg-accent hover:text-accent-foreground dark:bg-input/30 dark:border-input dark:hover:bg-input/50 h-8 rounded-ui gap-1.5 px-3 has-[>svg]:px-2.5"
        data-size="sm"
        data-slot="button"
        data-variant="outline"
      >
        Go to Contact Info
      </button>
      <button
        class="inline-flex items-center justify-center whitespace-nowrap rounded-ui text-sm font-medium transition-all disabled:pointer-events-none disabled:opacity-50 [&_svg]:pointer-events-none [&_svg:not([class*='size-'])]:size-4 shrink-0 [&_svg]:shrink-0 outline-none focus-visible:border-ring focus-visible:ring-ring focus-visible:ring-[3px] aria-invalid:ring-destructive/20 dark:aria-invalid:ring-destructive/40 aria-invalid:border-destructive border bg-background shadow-ui hover:bg-accent hover:text-accent-foreground dark:bg-input/30 dark:border-input dark:hover:bg-input/50 h-8 rounded-ui gap-1.5 px-3 has-[>svg]:px-2.5"
        data-size="sm"
        data-slot="button"
        data-variant="outline"
      >
        Go to Pickup
      </button>
      <button
        class="inline-flex items-center justify-center whitespace-nowrap rounded-ui text-sm font-medium transition-all disabled:pointer-events-none disabled:opacity-50 [&_svg]:pointer-events-none [&_svg:not([class*='size-'])]:size-4 shrink-0 [&_svg]:shrink-0 outline-none focus-visible:border-ring focus-visible:ring-ring focus-visible:ring-[3px] aria-invalid:ring-destructive/20 dark:aria-invalid:ring-destructive/40 aria-invalid:border-destructive border bg-background shadow-ui hover:bg-accent hover:text-accent-foreground dark:bg-input/30 dark:border-input dark:hover:bg-input/50 h-8 rounded-ui gap-1.5 px-3 has-[>svg]:px-2.5"
        data-size="sm"
        data-slot="button"
        data-variant="outline"
      >
        Go to Payment
      </button>
      <button
        class="inline-flex items-center justify-center whitespace-nowrap rounded-ui text-sm font-medium transition-all disabled:pointer-events-none disabled:opacity-50 [&_svg]:pointer-events-none [&_svg:not([class*='size-'])]:size-4 shrink-0 [&_svg]:shrink-0 outline-none focus-visible:border-ring focus-visible:ring-ring focus-visible:ring-[3px] aria-invalid:ring-destructive/20 dark:aria-invalid:ring-destructive/40 aria-invalid:border-destructive border bg-background shadow-ui hover:bg-accent hover:text-accent-foreground dark:bg-input/30 dark:border-input dark:hover:bg-input/50 h-8 rounded-ui gap-1.5 px-3 has-[>svg]:px-2.5"
        data-size="sm"
        data-slot="button"
        data-variant="outline"
      >
        Go to Place Order
      </button>
      <button
        class="inline-flex items-center justify-center whitespace-nowrap rounded-ui text-sm font-medium transition-all disabled:pointer-events-none disabled:opacity-50 [&_svg]:pointer-events-none [&_svg:not([class*='size-'])]:size-4 shrink-0 [&_svg]:shrink-0 outline-none focus-visible:border-ring focus-visible:ring-ring focus-visible:ring-[3px] aria-invalid:ring-destructive/20 dark:aria-invalid:ring-destructive/40 aria-invalid:border-destructive border bg-background shadow-ui hover:bg-accent hover:text-accent-foreground dark:bg-input/30 dark:border-input dark:hover:bg-input/50 h-8 rounded-ui gap-1.5 px-3 has-[>svg]:px-2.5"
        data-size="sm"
        data-slot="button"
        data-variant="outline"
      >
        Exit Edit Mode
      </button>
    </div>
  </div>
</div>
`;

exports[`CheckoutContext stories snapshot > WithPinToStep story renders and matches snapshot 1`] = `
<div
  class="w-full max-w-4xl mx-auto p-6"
  data-checkout-context-harness="true"
>
  <div
    class="space-y-4 p-6 border rounded"
  >
    <div>
      <h3
        class="text-sm font-semibold mb-2"
      >
        Checkout Context State
      </h3>
      <div
        class="space-y-2 text-sm"
      >
        <div
          data-testid="active-step"
        >
          <strong>
            Active Step:
          </strong>
           
          Contact Info
           (
          0
          )
          <span
            class="ml-2 text-muted-foreground text-xs"
          >
            (editingStep ?? step — what's visible to the shopper)
          </span>
        </div>
        <div
          data-testid="current-step"
        >
          <strong>
            Basket Step (step):
          </strong>
           
          Contact Info
           (
          0
          )
          <span
            class="ml-2 text-muted-foreground text-xs"
          >
            (basket-derived, frozen while editing)
          </span>
        </div>
        <div
          data-testid="computed-step"
        >
          <strong>
            Computed Step:
          </strong>
           
          Contact Info
           (
          0
          )
          <span
            class="ml-2 text-muted-foreground text-xs"
          >
            (furthest step with basket data)
          </span>
        </div>
        <div
          data-testid="editing-step"
        >
          <strong>
            Editing Step:
          </strong>
           
          None
           (
          null
          )
        </div>
        <div
          data-testid="has-delivery-items"
        >
          <strong>
            Has Delivery Items:
          </strong>
           
          false
        </div>
      </div>
    </div>
    <div
      class="flex gap-2 flex-wrap"
    >
      <button
        class="inline-flex items-center justify-center whitespace-nowrap rounded-ui text-sm font-medium transition-all disabled:pointer-events-none disabled:opacity-50 [&_svg]:pointer-events-none [&_svg:not([class*='size-'])]:size-4 shrink-0 [&_svg]:shrink-0 outline-none focus-visible:border-ring focus-visible:ring-ring focus-visible:ring-[3px] aria-invalid:ring-destructive/20 dark:aria-invalid:ring-destructive/40 aria-invalid:border-destructive bg-secondary text-secondary-foreground hover:bg-secondary/80 h-8 rounded-ui gap-1.5 px-3 has-[>svg]:px-2.5"
        data-size="sm"
        data-slot="button"
        data-variant="secondary"
      >
        Pin to Contact Info
      </button>
      <button
        class="inline-flex items-center justify-center whitespace-nowrap rounded-ui text-sm font-medium transition-all disabled:pointer-events-none disabled:opacity-50 [&_svg]:pointer-events-none [&_svg:not([class*='size-'])]:size-4 shrink-0 [&_svg]:shrink-0 outline-none focus-visible:border-ring focus-visible:ring-ring focus-visible:ring-[3px] aria-invalid:ring-destructive/20 dark:aria-invalid:ring-destructive/40 aria-invalid:border-destructive bg-secondary text-secondary-foreground hover:bg-secondary/80 h-8 rounded-ui gap-1.5 px-3 has-[>svg]:px-2.5"
        data-size="sm"
        data-slot="button"
        data-variant="secondary"
      >
        Pin to Pickup
      </button>
      <button
        class="inline-flex items-center justify-center whitespace-nowrap rounded-ui text-sm font-medium transition-all disabled:pointer-events-none disabled:opacity-50 [&_svg]:pointer-events-none [&_svg:not([class*='size-'])]:size-4 shrink-0 [&_svg]:shrink-0 outline-none focus-visible:border-ring focus-visible:ring-ring focus-visible:ring-[3px] aria-invalid:ring-destructive/20 dark:aria-invalid:ring-destructive/40 aria-invalid:border-destructive bg-secondary text-secondary-foreground hover:bg-secondary/80 h-8 rounded-ui gap-1.5 px-3 has-[>svg]:px-2.5"
        data-size="sm"
        data-slot="button"
        data-variant="secondary"
      >
        Pin to Shipping Address
      </button>
      <button
        class="inline-flex items-center justify-center whitespace-nowrap rounded-ui text-sm font-medium transition-all disabled:pointer-events-none disabled:opacity-50 [&_svg]:pointer-events-none [&_svg:not([class*='size-'])]:size-4 shrink-0 [&_svg]:shrink-0 outline-none focus-visible:border-ring focus-visible:ring-ring focus-visible:ring-[3px] aria-invalid:ring-destructive/20 dark:aria-invalid:ring-destructive/40 aria-invalid:border-destructive bg-secondary text-secondary-foreground hover:bg-secondary/80 h-8 rounded-ui gap-1.5 px-3 has-[>svg]:px-2.5"
        data-size="sm"
        data-slot="button"
        data-variant="secondary"
      >
        Pin to Shipping Method
      </button>
      <button
        class="inline-flex items-center justify-center whitespace-nowrap rounded-ui text-sm font-medium transition-all disabled:pointer-events-none disabled:opacity-50 [&_svg]:pointer-events-none [&_svg:not([class*='size-'])]:size-4 shrink-0 [&_svg]:shrink-0 outline-none focus-visible:border-ring focus-visible:ring-ring focus-visible:ring-[3px] aria-invalid:ring-destructive/20 dark:aria-invalid:ring-destructive/40 aria-invalid:border-destructive bg-secondary text-secondary-foreground hover:bg-secondary/80 h-8 rounded-ui gap-1.5 px-3 has-[>svg]:px-2.5"
        data-size="sm"
        data-slot="button"
        data-variant="secondary"
      >
        Pin to Payment
      </button>
      <button
        class="inline-flex items-center justify-center whitespace-nowrap rounded-ui text-sm font-medium transition-all disabled:pointer-events-none disabled:opacity-50 [&_svg]:pointer-events-none [&_svg:not([class*='size-'])]:size-4 shrink-0 [&_svg]:shrink-0 outline-none focus-visible:border-ring focus-visible:ring-ring focus-visible:ring-[3px] aria-invalid:ring-destructive/20 dark:aria-invalid:ring-destructive/40 aria-invalid:border-destructive bg-secondary text-secondary-foreground hover:bg-secondary/80 h-8 rounded-ui gap-1.5 px-3 has-[>svg]:px-2.5"
        data-size="sm"
        data-slot="button"
        data-variant="secondary"
      >
        Pin to Place Order
      </button>
    </div>
  </div>
</div>
`;
