// Vitest Snapshot v1, https://vitest.dev/guide/snapshot.html

exports[`DeliveryOptions stories snapshot > Default story renders and matches snapshot 1`] = `
<div>
  <div>
    <div
      class="space-y-4"
    >
      <div
        class="w-full"
      >
        <div
          aria-required="false"
          class="grid grid-cols-2 gap-2"
          data-slot="radio-group"
          data-testid="delivery-option-select"
          dir="ltr"
          role="radiogroup"
          style="outline: none;"
          tabindex="0"
        >
          <label
            class="text-sm leading-none font-medium select-none group-data-[disabled=true]:pointer-events-none group-data-[disabled=true]:opacity-50 peer-disabled:cursor-not-allowed peer-disabled:opacity-50 flex items-start gap-2 rounded-ui p-3 border transition-colors text-left shadow-xs border-muted-foreground/20 hover:border-primary/50 opacity-50 cursor-not-allowed"
            data-slot="label"
            for="delivery-option-25686395M"
          >
            <button
              aria-checked="false"
              class="border-input text-primary focus-visible:border-ring focus-visible:ring-ring aria-invalid:ring-destructive/20 dark:aria-invalid:ring-destructive/40 aria-invalid:border-destructive dark:bg-input/30 aspect-square size-4 shrink-0 rounded-full border shadow-ui transition-[color,box-shadow] outline-none focus-visible:ring-[3px] disabled:cursor-not-allowed disabled:opacity-50 sr-only"
              data-disabled=""
              data-radix-collection-item=""
              data-slot="radio-group-item"
              data-state="unchecked"
              disabled=""
              id="delivery-option-25686395M"
              role="radio"
              tabindex="-1"
              type="button"
              value="delivery"
            />
            <div
              class="mt-0.5 shrink-0"
            >
              <div
                class="w-4 h-4 border-2 flex items-center justify-center transition-colors border-muted-foreground/20"
              />
            </div>
            <div
              class="flex-1 min-w-0"
            >
              <div
                class="flex flex-col"
              >
                <span
                  class="text-sm font-medium leading-none text-foreground"
                >
                  Deliver to
                </span>
                <p
                  class="text-xs font-normal leading-4 tracking-[0.12px] text-muted-foreground mt-0.5"
                >
                  Enter ZIP code to see delivery estimate
                </p>
              </div>
            </div>
          </label>
          <label
            class="text-sm leading-none font-medium select-none group-data-[disabled=true]:pointer-events-none group-data-[disabled=true]:opacity-50 peer-disabled:cursor-not-allowed peer-disabled:opacity-50 flex items-start gap-2 rounded-ui p-3 border transition-colors text-left shadow-xs cursor-pointer border-muted-foreground/20 hover:border-primary/50"
            data-slot="label"
            for="pickup-option-25686395M"
          >
            <button
              aria-checked="false"
              class="border-input text-primary focus-visible:border-ring focus-visible:ring-ring aria-invalid:ring-destructive/20 dark:aria-invalid:ring-destructive/40 aria-invalid:border-destructive dark:bg-input/30 aspect-square size-4 shrink-0 rounded-full border shadow-ui transition-[color,box-shadow] outline-none focus-visible:ring-[3px] disabled:cursor-not-allowed disabled:opacity-50 sr-only"
              data-radix-collection-item=""
              data-slot="radio-group-item"
              data-state="unchecked"
              id="pickup-option-25686395M"
              role="radio"
              tabindex="-1"
              type="button"
              value="pickup"
            />
            <div
              class="mt-0.5 shrink-0"
            >
              <div
                class="w-4 h-4 border-2 flex items-center justify-center transition-colors border-muted-foreground/20"
              />
            </div>
            <div
              class="flex-1 min-w-0"
            >
              <div
                class="flex flex-col"
              >
                <span
                  class="text-sm font-medium leading-none text-foreground"
                >
                  Free pickup in
                </span>
                <button
                  class="text-xs font-normal leading-4 tracking-[0.12px] text-muted-foreground mt-0.5 text-left hover:underline cursor-pointer"
                  type="button"
                >
                  Select Store
                </button>
              </div>
            </div>
          </label>
        </div>
      </div>
    </div>
  </div>
</div>
`;

exports[`DeliveryOptions stories snapshot > DesktopLayout story renders and matches snapshot 1`] = `
<div>
  <div>
    <div
      class="space-y-4"
    >
      <div
        class="w-full"
      >
        <div
          aria-required="false"
          class="grid grid-cols-2 gap-2"
          data-slot="radio-group"
          data-testid="delivery-option-select"
          dir="ltr"
          role="radiogroup"
          style="outline: none;"
          tabindex="0"
        >
          <label
            class="text-sm leading-none font-medium select-none group-data-[disabled=true]:pointer-events-none group-data-[disabled=true]:opacity-50 peer-disabled:cursor-not-allowed peer-disabled:opacity-50 flex items-start gap-2 rounded-ui p-3 border transition-colors text-left shadow-xs border-muted-foreground/20 hover:border-primary/50 opacity-50 cursor-not-allowed"
            data-slot="label"
            for="delivery-option-25686395M"
          >
            <button
              aria-checked="false"
              class="border-input text-primary focus-visible:border-ring focus-visible:ring-ring aria-invalid:ring-destructive/20 dark:aria-invalid:ring-destructive/40 aria-invalid:border-destructive dark:bg-input/30 aspect-square size-4 shrink-0 rounded-full border shadow-ui transition-[color,box-shadow] outline-none focus-visible:ring-[3px] disabled:cursor-not-allowed disabled:opacity-50 sr-only"
              data-disabled=""
              data-radix-collection-item=""
              data-slot="radio-group-item"
              data-state="unchecked"
              disabled=""
              id="delivery-option-25686395M"
              role="radio"
              tabindex="-1"
              type="button"
              value="delivery"
            />
            <div
              class="mt-0.5 shrink-0"
            >
              <div
                class="w-4 h-4 border-2 flex items-center justify-center transition-colors border-muted-foreground/20"
              />
            </div>
            <div
              class="flex-1 min-w-0"
            >
              <div
                class="flex flex-col"
              >
                <span
                  class="text-sm font-medium leading-none text-foreground"
                >
                  Deliver to
                </span>
                <p
                  class="text-xs font-normal leading-4 tracking-[0.12px] text-muted-foreground mt-0.5"
                >
                  Enter ZIP code to see delivery estimate
                </p>
              </div>
            </div>
          </label>
          <label
            class="text-sm leading-none font-medium select-none group-data-[disabled=true]:pointer-events-none group-data-[disabled=true]:opacity-50 peer-disabled:cursor-not-allowed peer-disabled:opacity-50 flex items-start gap-2 rounded-ui p-3 border transition-colors text-left shadow-xs cursor-pointer border-muted-foreground/20 hover:border-primary/50"
            data-slot="label"
            for="pickup-option-25686395M"
          >
            <button
              aria-checked="false"
              class="border-input text-primary focus-visible:border-ring focus-visible:ring-ring aria-invalid:ring-destructive/20 dark:aria-invalid:ring-destructive/40 aria-invalid:border-destructive dark:bg-input/30 aspect-square size-4 shrink-0 rounded-full border shadow-ui transition-[color,box-shadow] outline-none focus-visible:ring-[3px] disabled:cursor-not-allowed disabled:opacity-50 sr-only"
              data-radix-collection-item=""
              data-slot="radio-group-item"
              data-state="unchecked"
              id="pickup-option-25686395M"
              role="radio"
              tabindex="-1"
              type="button"
              value="pickup"
            />
            <div
              class="mt-0.5 shrink-0"
            >
              <div
                class="w-4 h-4 border-2 flex items-center justify-center transition-colors border-muted-foreground/20"
              />
            </div>
            <div
              class="flex-1 min-w-0"
            >
              <div
                class="flex flex-col"
              >
                <span
                  class="text-sm font-medium leading-none text-foreground"
                >
                  Free pickup in
                </span>
                <button
                  class="text-xs font-normal leading-4 tracking-[0.12px] text-muted-foreground mt-0.5 text-left hover:underline cursor-pointer"
                  type="button"
                >
                  Select Store
                </button>
              </div>
            </div>
          </label>
        </div>
      </div>
    </div>
  </div>
</div>
`;

exports[`DeliveryOptions stories snapshot > InBasket story renders and matches snapshot 1`] = `
<div>
  <div>
    <div
      class="space-y-4"
    />
  </div>
</div>
`;

exports[`DeliveryOptions stories snapshot > MobileLayout story renders and matches snapshot 1`] = `
<div>
  <div>
    <div
      class="space-y-4"
    >
      <div
        class="w-full"
      >
        <div
          aria-required="false"
          class="grid grid-cols-2 gap-2"
          data-slot="radio-group"
          data-testid="delivery-option-select"
          dir="ltr"
          role="radiogroup"
          style="outline: none;"
          tabindex="0"
        >
          <label
            class="text-sm leading-none font-medium select-none group-data-[disabled=true]:pointer-events-none group-data-[disabled=true]:opacity-50 peer-disabled:cursor-not-allowed peer-disabled:opacity-50 flex items-start gap-2 rounded-ui p-3 border transition-colors text-left shadow-xs border-muted-foreground/20 hover:border-primary/50 opacity-50 cursor-not-allowed"
            data-slot="label"
            for="delivery-option-25686395M"
          >
            <button
              aria-checked="false"
              class="border-input text-primary focus-visible:border-ring focus-visible:ring-ring aria-invalid:ring-destructive/20 dark:aria-invalid:ring-destructive/40 aria-invalid:border-destructive dark:bg-input/30 aspect-square size-4 shrink-0 rounded-full border shadow-ui transition-[color,box-shadow] outline-none focus-visible:ring-[3px] disabled:cursor-not-allowed disabled:opacity-50 sr-only"
              data-disabled=""
              data-radix-collection-item=""
              data-slot="radio-group-item"
              data-state="unchecked"
              disabled=""
              id="delivery-option-25686395M"
              role="radio"
              tabindex="-1"
              type="button"
              value="delivery"
            />
            <div
              class="mt-0.5 shrink-0"
            >
              <div
                class="w-4 h-4 border-2 flex items-center justify-center transition-colors border-muted-foreground/20"
              />
            </div>
            <div
              class="flex-1 min-w-0"
            >
              <div
                class="flex flex-col"
              >
                <span
                  class="text-sm font-medium leading-none text-foreground"
                >
                  Deliver to
                </span>
                <p
                  class="text-xs font-normal leading-4 tracking-[0.12px] text-muted-foreground mt-0.5"
                >
                  Enter ZIP code to see delivery estimate
                </p>
              </div>
            </div>
          </label>
          <label
            class="text-sm leading-none font-medium select-none group-data-[disabled=true]:pointer-events-none group-data-[disabled=true]:opacity-50 peer-disabled:cursor-not-allowed peer-disabled:opacity-50 flex items-start gap-2 rounded-ui p-3 border transition-colors text-left shadow-xs cursor-pointer border-muted-foreground/20 hover:border-primary/50"
            data-slot="label"
            for="pickup-option-25686395M"
          >
            <button
              aria-checked="false"
              class="border-input text-primary focus-visible:border-ring focus-visible:ring-ring aria-invalid:ring-destructive/20 dark:aria-invalid:ring-destructive/40 aria-invalid:border-destructive dark:bg-input/30 aspect-square size-4 shrink-0 rounded-full border shadow-ui transition-[color,box-shadow] outline-none focus-visible:ring-[3px] disabled:cursor-not-allowed disabled:opacity-50 sr-only"
              data-radix-collection-item=""
              data-slot="radio-group-item"
              data-state="unchecked"
              id="pickup-option-25686395M"
              role="radio"
              tabindex="-1"
              type="button"
              value="pickup"
            />
            <div
              class="mt-0.5 shrink-0"
            >
              <div
                class="w-4 h-4 border-2 flex items-center justify-center transition-colors border-muted-foreground/20"
              />
            </div>
            <div
              class="flex-1 min-w-0"
            >
              <div
                class="flex flex-col"
              >
                <span
                  class="text-sm font-medium leading-none text-foreground"
                >
                  Free pickup in
                </span>
                <button
                  class="text-xs font-normal leading-4 tracking-[0.12px] text-muted-foreground mt-0.5 text-left hover:underline cursor-pointer"
                  type="button"
                >
                  Select Store
                </button>
              </div>
            </div>
          </label>
        </div>
      </div>
    </div>
  </div>
</div>
`;

exports[`DeliveryOptions stories snapshot > WithStoreSelected story renders and matches snapshot 1`] = `
<div>
  <div>
    <div
      class="space-y-4"
    >
      <div
        class="w-full"
      >
        <div
          aria-required="false"
          class="grid grid-cols-2 gap-2"
          data-slot="radio-group"
          data-testid="delivery-option-select"
          dir="ltr"
          role="radiogroup"
          style="outline: none;"
          tabindex="0"
        >
          <label
            class="text-sm leading-none font-medium select-none group-data-[disabled=true]:pointer-events-none group-data-[disabled=true]:opacity-50 peer-disabled:cursor-not-allowed peer-disabled:opacity-50 flex items-start gap-2 rounded-ui p-3 border transition-colors text-left shadow-xs border-muted-foreground/20 hover:border-primary/50 opacity-50 cursor-not-allowed"
            data-slot="label"
            for="delivery-option-25686395M"
          >
            <button
              aria-checked="false"
              class="border-input text-primary focus-visible:border-ring focus-visible:ring-ring aria-invalid:ring-destructive/20 dark:aria-invalid:ring-destructive/40 aria-invalid:border-destructive dark:bg-input/30 aspect-square size-4 shrink-0 rounded-full border shadow-ui transition-[color,box-shadow] outline-none focus-visible:ring-[3px] disabled:cursor-not-allowed disabled:opacity-50 sr-only"
              data-disabled=""
              data-radix-collection-item=""
              data-slot="radio-group-item"
              data-state="unchecked"
              disabled=""
              id="delivery-option-25686395M"
              role="radio"
              tabindex="-1"
              type="button"
              value="delivery"
            />
            <div
              class="mt-0.5 shrink-0"
            >
              <div
                class="w-4 h-4 border-2 flex items-center justify-center transition-colors border-muted-foreground/20"
              />
            </div>
            <div
              class="flex-1 min-w-0"
            >
              <div
                class="flex flex-col"
              >
                <span
                  class="text-sm font-medium leading-none text-foreground"
                >
                  Deliver to
                </span>
                <p
                  class="text-xs font-normal leading-4 tracking-[0.12px] text-muted-foreground mt-0.5"
                >
                  Enter ZIP code to see delivery estimate
                </p>
              </div>
            </div>
          </label>
          <label
            class="text-sm leading-none font-medium select-none group-data-[disabled=true]:pointer-events-none group-data-[disabled=true]:opacity-50 peer-disabled:cursor-not-allowed peer-disabled:opacity-50 flex items-start gap-2 rounded-ui p-3 border transition-colors text-left shadow-xs cursor-pointer border-muted-foreground/20 hover:border-primary/50"
            data-slot="label"
            for="pickup-option-25686395M"
          >
            <button
              aria-checked="false"
              class="border-input text-primary focus-visible:border-ring focus-visible:ring-ring aria-invalid:ring-destructive/20 dark:aria-invalid:ring-destructive/40 aria-invalid:border-destructive dark:bg-input/30 aspect-square size-4 shrink-0 rounded-full border shadow-ui transition-[color,box-shadow] outline-none focus-visible:ring-[3px] disabled:cursor-not-allowed disabled:opacity-50 sr-only"
              data-radix-collection-item=""
              data-slot="radio-group-item"
              data-state="unchecked"
              id="pickup-option-25686395M"
              role="radio"
              tabindex="-1"
              type="button"
              value="pickup"
            />
            <div
              class="mt-0.5 shrink-0"
            >
              <div
                class="w-4 h-4 border-2 flex items-center justify-center transition-colors border-muted-foreground/20"
              />
            </div>
            <div
              class="flex-1 min-w-0"
            >
              <div
                class="flex flex-col"
              >
                <span
                  class="text-sm font-medium leading-none text-foreground"
                >
                  Free pickup in
                </span>
                <button
                  class="text-xs font-normal leading-4 tracking-[0.12px] text-muted-foreground mt-0.5 text-left hover:underline cursor-pointer"
                  type="button"
                >
                  Select Store
                </button>
              </div>
            </div>
          </label>
        </div>
      </div>
    </div>
  </div>
</div>
`;
