// Vitest Snapshot v1, https://vitest.dev/guide/snapshot.html

exports[`FormSubmitButton stories snapshot > Default story renders and matches snapshot 1`] = `
<div
  data-form-submit-harness="true"
>
  <form
    action="/submit"
    data-discover="true"
    method="post"
  >
    <input
      class="mb-4 p-2 border rounded"
      name="email"
      placeholder="Email"
      type="email"
    />
    <button
      class="inline-flex items-center justify-center gap-2 whitespace-nowrap rounded-ui text-sm font-medium transition-all disabled:pointer-events-none disabled:opacity-50 [&_svg]:pointer-events-none [&_svg:not([class*='size-'])]:size-4 shrink-0 [&_svg]:shrink-0 outline-none focus-visible:border-ring focus-visible:ring-ring focus-visible:ring-[3px] aria-invalid:ring-destructive/20 dark:aria-invalid:ring-destructive/40 aria-invalid:border-destructive bg-primary text-primary-foreground hover:bg-primary/90 h-9 px-4 py-2 has-[>svg]:px-3 cursor-pointer w-full"
      data-size="default"
      data-slot="button"
      data-variant="default"
      type="submit"
    >
      Submit
    </button>
  </form>
</div>
`;

exports[`FormSubmitButton stories snapshot > WithFetcher story renders and matches snapshot 1`] = `
<div
  data-form-submit-harness="true"
>
  <form
    action="/update-settings"
    data-discover="true"
    method="post"
  >
    <input
      class="mb-4 p-2 border rounded"
      name="setting"
      placeholder="Setting value"
      type="text"
    />
    <button
      class="inline-flex items-center justify-center gap-2 whitespace-nowrap rounded-ui text-sm font-medium transition-all disabled:pointer-events-none disabled:opacity-50 [&_svg]:pointer-events-none [&_svg:not([class*='size-'])]:size-4 shrink-0 [&_svg]:shrink-0 outline-none focus-visible:border-ring focus-visible:ring-ring focus-visible:ring-[3px] aria-invalid:ring-destructive/20 dark:aria-invalid:ring-destructive/40 aria-invalid:border-destructive bg-primary text-primary-foreground hover:bg-primary/90 h-9 px-4 py-2 has-[>svg]:px-3 cursor-pointer w-full"
      data-size="default"
      data-slot="button"
      data-variant="default"
      type="submit"
    >
      Update Settings
    </button>
  </form>
</div>
`;
